Archive member included to satisfy reference by file (symbol)

c:/st/stm32cubeide_1.0.2/stm32cubeide/plugins/com.st.stm32cube.ide.mcu.externaltools.gnu-tools-for-stm32.7-2018-q2-update.win32_1.0.0.201904181610/tools/bin/../lib/gcc/arm-none-eabi/7.3.1/../../../../arm-none-eabi/lib/thumb/v7e-m/fpv4-sp/hard\libc_nano.a(lib_a-errno.o)
                              Src/syscalls.o (__errno)
c:/st/stm32cubeide_1.0.2/stm32cubeide/plugins/com.st.stm32cube.ide.mcu.externaltools.gnu-tools-for-stm32.7-2018-q2-update.win32_1.0.0.201904181610/tools/bin/../lib/gcc/arm-none-eabi/7.3.1/../../../../arm-none-eabi/lib/thumb/v7e-m/fpv4-sp/hard\libc_nano.a(lib_a-exit.o)
                              c:/st/stm32cubeide_1.0.2/stm32cubeide/plugins/com.st.stm32cube.ide.mcu.externaltools.gnu-tools-for-stm32.7-2018-q2-update.win32_1.0.0.201904181610/tools/bin/../lib/gcc/arm-none-eabi/7.3.1/../../../../arm-none-eabi/lib/thumb/v7e-m/fpv4-sp/hard/crt0.o (exit)
c:/st/stm32cubeide_1.0.2/stm32cubeide/plugins/com.st.stm32cube.ide.mcu.externaltools.gnu-tools-for-stm32.7-2018-q2-update.win32_1.0.0.201904181610/tools/bin/../lib/gcc/arm-none-eabi/7.3.1/../../../../arm-none-eabi/lib/thumb/v7e-m/fpv4-sp/hard\libc_nano.a(lib_a-impure.o)
                              c:/st/stm32cubeide_1.0.2/stm32cubeide/plugins/com.st.stm32cube.ide.mcu.externaltools.gnu-tools-for-stm32.7-2018-q2-update.win32_1.0.0.201904181610/tools/bin/../lib/gcc/arm-none-eabi/7.3.1/../../../../arm-none-eabi/lib/thumb/v7e-m/fpv4-sp/hard\libc_nano.a(lib_a-exit.o) (_global_impure_ptr)
c:/st/stm32cubeide_1.0.2/stm32cubeide/plugins/com.st.stm32cube.ide.mcu.externaltools.gnu-tools-for-stm32.7-2018-q2-update.win32_1.0.0.201904181610/tools/bin/../lib/gcc/arm-none-eabi/7.3.1/../../../../arm-none-eabi/lib/thumb/v7e-m/fpv4-sp/hard\libc_nano.a(lib_a-init.o)
                              c:/st/stm32cubeide_1.0.2/stm32cubeide/plugins/com.st.stm32cube.ide.mcu.externaltools.gnu-tools-for-stm32.7-2018-q2-update.win32_1.0.0.201904181610/tools/bin/../lib/gcc/arm-none-eabi/7.3.1/../../../../arm-none-eabi/lib/thumb/v7e-m/fpv4-sp/hard/crt0.o (__libc_init_array)
c:/st/stm32cubeide_1.0.2/stm32cubeide/plugins/com.st.stm32cube.ide.mcu.externaltools.gnu-tools-for-stm32.7-2018-q2-update.win32_1.0.0.201904181610/tools/bin/../lib/gcc/arm-none-eabi/7.3.1/../../../../arm-none-eabi/lib/thumb/v7e-m/fpv4-sp/hard\libc_nano.a(lib_a-malloc.o)
                              Middlewares/ST/STM32_USB_Host_Library/Class/CDC/Src/usbh_cdc.o (malloc)
c:/st/stm32cubeide_1.0.2/stm32cubeide/plugins/com.st.stm32cube.ide.mcu.externaltools.gnu-tools-for-stm32.7-2018-q2-update.win32_1.0.0.201904181610/tools/bin/../lib/gcc/arm-none-eabi/7.3.1/../../../../arm-none-eabi/lib/thumb/v7e-m/fpv4-sp/hard\libc_nano.a(lib_a-memcpy-stub.o)
                              Middlewares/Third_Party/FreeRTOS/Source/queue.o (memcpy)
c:/st/stm32cubeide_1.0.2/stm32cubeide/plugins/com.st.stm32cube.ide.mcu.externaltools.gnu-tools-for-stm32.7-2018-q2-update.win32_1.0.0.201904181610/tools/bin/../lib/gcc/arm-none-eabi/7.3.1/../../../../arm-none-eabi/lib/thumb/v7e-m/fpv4-sp/hard\libc_nano.a(lib_a-memset.o)
                              c:/st/stm32cubeide_1.0.2/stm32cubeide/plugins/com.st.stm32cube.ide.mcu.externaltools.gnu-tools-for-stm32.7-2018-q2-update.win32_1.0.0.201904181610/tools/bin/../lib/gcc/arm-none-eabi/7.3.1/../../../../arm-none-eabi/lib/thumb/v7e-m/fpv4-sp/hard/crt0.o (memset)
c:/st/stm32cubeide_1.0.2/stm32cubeide/plugins/com.st.stm32cube.ide.mcu.externaltools.gnu-tools-for-stm32.7-2018-q2-update.win32_1.0.0.201904181610/tools/bin/../lib/gcc/arm-none-eabi/7.3.1/../../../../arm-none-eabi/lib/thumb/v7e-m/fpv4-sp/hard\libc_nano.a(lib_a-nano-freer.o)
                              c:/st/stm32cubeide_1.0.2/stm32cubeide/plugins/com.st.stm32cube.ide.mcu.externaltools.gnu-tools-for-stm32.7-2018-q2-update.win32_1.0.0.201904181610/tools/bin/../lib/gcc/arm-none-eabi/7.3.1/../../../../arm-none-eabi/lib/thumb/v7e-m/fpv4-sp/hard\libc_nano.a(lib_a-malloc.o) (_free_r)
c:/st/stm32cubeide_1.0.2/stm32cubeide/plugins/com.st.stm32cube.ide.mcu.externaltools.gnu-tools-for-stm32.7-2018-q2-update.win32_1.0.0.201904181610/tools/bin/../lib/gcc/arm-none-eabi/7.3.1/../../../../arm-none-eabi/lib/thumb/v7e-m/fpv4-sp/hard\libc_nano.a(lib_a-nano-mallocr.o)
                              c:/st/stm32cubeide_1.0.2/stm32cubeide/plugins/com.st.stm32cube.ide.mcu.externaltools.gnu-tools-for-stm32.7-2018-q2-update.win32_1.0.0.201904181610/tools/bin/../lib/gcc/arm-none-eabi/7.3.1/../../../../arm-none-eabi/lib/thumb/v7e-m/fpv4-sp/hard\libc_nano.a(lib_a-malloc.o) (_malloc_r)
c:/st/stm32cubeide_1.0.2/stm32cubeide/plugins/com.st.stm32cube.ide.mcu.externaltools.gnu-tools-for-stm32.7-2018-q2-update.win32_1.0.0.201904181610/tools/bin/../lib/gcc/arm-none-eabi/7.3.1/../../../../arm-none-eabi/lib/thumb/v7e-m/fpv4-sp/hard\libc_nano.a(lib_a-sbrkr.o)
[...]
Memory Configuration

Name             Origin             Length             Attributes
CCMRAM           0x0000000010000000 0x0000000000010000 xrw
RAM              0x0000000020000000 0x0000000000020000 xrw
FLASH            0x0000000008000000 0x0000000000100000 xr
*default*        0x0000000000000000 0xffffffffffffffff

Linker script and memory map

LOAD c:/st/stm32cubeide_1.0.2/stm32cubeide/plugins/com.st.stm32cube.ide.mcu.externaltools.gnu-tools-for-stm32.7-2018-q2-update.win32_1.0.0.201904181610/tools/bin/../lib/gcc/arm-none-eabi/7.3.1/thumb/v7e-m/fpv4-sp/hard/crti.o
LOAD c:/st/stm32cubeide_1.0.2/stm32cubeide/plugins/com.st.stm32cube.ide.mcu.externaltools.gnu-tools-for-stm32.7-2018-q2-update.win32_1.0.0.201904181610/tools/bin/../lib/gcc/arm-none-eabi/7.3.1/thumb/v7e-m/fpv4-sp/hard/crtbegin.o
LOAD c:/st/stm32cubeide_1.0.2/stm32cubeide/plugins/com.st.stm32cube.ide.mcu.externaltools.gnu-tools-for-stm32.7-2018-q2-update.win32_1.0.0.201904181610/tools/bin/../lib/gcc/arm-none-eabi/7.3.1/../../../../arm-none-eabi/lib/thumb/v7e-m/fpv4-sp/hard/crt0.o
LOAD Drivers/STM32F4xx_HAL_Driver/Src/stm32f4xx_hal.o
LOAD Drivers/STM32F4xx_HAL_Driver/Src/stm32f4xx_hal_cortex.o
LOAD Drivers/STM32F4xx_HAL_Driver/Src/stm32f4xx_hal_dma.o
LOAD Drivers/STM32F4xx_HAL_Driver/Src/stm32f4xx_hal_dma_ex.o
LOAD Drivers/STM32F4xx_HAL_Driver/Src/stm32f4xx_hal_exti.o
LOAD Drivers/STM32F4xx_HAL_Driver/Src/stm32f4xx_hal_flash.o
LOAD Drivers/STM32F4xx_HAL_Driver/Src/stm32f4xx_hal_flash_ex.o
LOAD Drivers/STM32F4xx_HAL_Driver/Src/stm32f4xx_hal_flash_ramfunc.o
LOAD Drivers/STM32F4xx_HAL_Driver/Src/stm32f4xx_hal_gpio.o
LOAD Drivers/STM32F4xx_HAL_Driver/Src/stm32f4xx_hal_hcd.o
LOAD Drivers/STM32F4xx_HAL_Driver/Src/stm32f4xx_hal_i2c.o
LOAD Drivers/STM32F4xx_HAL_Driver/Src/stm32f4xx_hal_i2c_ex.o
LOAD Drivers/STM32F4xx_HAL_Driver/Src/stm32f4xx_hal_i2s.o
LOAD Drivers/STM32F4xx_HAL_Driver/Src/stm32f4xx_hal_i2s_ex.o
LOAD Drivers/STM32F4xx_HAL_Driver/Src/stm32f4xx_hal_pwr.o
LOAD Drivers/STM32F4xx_HAL_Driver/Src/stm32f4xx_hal_pwr_ex.o
LOAD Drivers/STM32F4xx_HAL_Driver/Src/stm32f4xx_hal_rcc.o
LOAD Drivers/STM32F4xx_HAL_Driver/Src/stm32f4xx_hal_rcc_ex.o
LOAD Drivers/STM32F4xx_HAL_Driver/Src/stm32f4xx_hal_spi.o
LOAD Drivers/STM32F4xx_HAL_Driver/Src/stm32f4xx_hal_tim.o
LOAD Drivers/STM32F4xx_HAL_Driver/Src/stm32f4xx_hal_tim_ex.o
LOAD Drivers/STM32F4xx_HAL_Driver/Src/stm32f4xx_hal_uart.o
LOAD Drivers/STM32F4xx_HAL_Driver/Src/stm32f4xx_ll_usb.o
LOAD Middlewares/ST/STM32_USB_Host_Library/Class/CDC/Src/usbh_cdc.o
LOAD Middlewares/ST/STM32_USB_Host_Library/Core/Src/usbh_core.o
LOAD Middlewares/ST/STM32_USB_Host_Library/Core/Src/usbh_ctlreq.o
LOAD Middlewares/ST/STM32_USB_Host_Library/Core/Src/usbh_ioreq.o
LOAD Middlewares/ST/STM32_USB_Host_Library/Core/Src/usbh_pipes.o
LOAD Middlewares/Third_Party/FreeRTOS/Source/CMSIS_RTOS/cmsis_os.o
LOAD Middlewares/Third_Party/FreeRTOS/Source/croutine.o
LOAD Middlewares/Third_Party/FreeRTOS/Source/event_groups.o
LOAD Middlewares/Third_Party/FreeRTOS/Source/list.o
LOAD Middlewares/Third_Party/FreeRTOS/Source/queue.o
LOAD Middlewares/Third_Party/FreeRTOS/Source/stream_buffer.o
LOAD Middlewares/Third_Party/FreeRTOS/Source/tasks.o
LOAD Middlewares/Third_Party/FreeRTOS/Source/timers.o
LOAD Middlewares/Third_Party/FreeRTOS/Source/portable/GCC/ARM_CM4F/port.o
LOAD Middlewares/Third_Party/FreeRTOS/Source/portable/MemMang/heap_4.o
LOAD Src/freertos.o
LOAD Src/main.o
LOAD Src/stm32f4xx_hal_msp.o
LOAD Src/stm32f4xx_it.o
LOAD Src/syscalls.o
LOAD Src/sysmem.o
LOAD Src/system_stm32f4xx.o
LOAD Src/usb_host.o
LOAD Src/usbh_conf.o
LOAD Src/usbh_platform.o
LOAD Startup/startup_stm32f407vgtx.o
START GROUP
LOAD c:/st/stm32cubeide_1.0.2/stm32cubeide/plugins/com.st.stm32cube.ide.mcu.externaltools.gnu-tools-for-stm32.7-2018-q2-update.win32_1.0.0.201904181610/tools/bin/../lib/gcc/arm-none-eabi/7.3.1/../../../../arm-none-eabi/lib/thumb/v7e-m/fpv4-sp/hard\libc_nano.a
LOAD c:/st/stm32cubeide_1.0.2/stm32cubeide/plugins/com.st.stm32cube.ide.mcu.externaltools.gnu-tools-for-stm32.7-2018-q2-update.win32_1.0.0.201904181610/tools/bin/../lib/gcc/arm-none-eabi/7.3.1/../../../../arm-none-eabi/lib/thumb/v7e-m/fpv4-sp/hard\libm.a
END GROUP
START GROUP
LOAD c:/st/stm32cubeide_1.0.2/stm32cubeide/plugins/com.st.stm32cube.ide.mcu.externaltools.gnu-tools-for-stm32.7-2018-q2-update.win32_1.0.0.201904181610/tools/bin/../lib/gcc/arm-none-eabi/7.3.1/thumb/v7e-m/fpv4-sp/hard\libgcc.a
LOAD c:/st/stm32cubeide_1.0.2/stm32cubeide/plugins/com.st.stm32cube.ide.mcu.externaltools.gnu-tools-for-stm32.7-2018-q2-update.win32_1.0.0.201904181610/tools/bin/../lib/gcc/arm-none-eabi/7.3.1/../../../../arm-none-eabi/lib/thumb/v7e-m/fpv4-sp/hard\libc_nano.a
END GROUP
START GROUP
LOAD c:/st/stm32cubeide_1.0.2/stm32cubeide/plugins/com.st.stm32cube.ide.mcu.externaltools.gnu-tools-for-stm32.7-2018-q2-update.win32_1.0.0.201904181610/tools/bin/../lib/gcc/arm-none-eabi/7.3.1/thumb/v7e-m/fpv4-sp/hard\libgcc.a
LOAD c:/st/stm32cubeide_1.0.2/stm32cubeide/plugins/com.st.stm32cube.ide.mcu.externaltools.gnu-tools-for-stm32.7-2018-q2-update.win32_1.0.0.201904181610/tools/bin/../lib/gcc/arm-none-eabi/7.3.1/../../../../arm-none-eabi/lib/thumb/v7e-m/fpv4-sp/hard\libc_nano.a
LOAD c:/st/stm32cubeide_1.0.2/stm32cubeide/plugins/com.st.stm32cube.ide.mcu.externaltools.gnu-tools-for-stm32.7-2018-q2-update.win32_1.0.0.201904181610/tools/bin/../lib/gcc/arm-none-eabi/7.3.1/../../../../arm-none-eabi/lib/thumb/v7e-m/fpv4-sp/hard\libnosys.a
END GROUP
START GROUP
LOAD c:/st/stm32cubeide_1.0.2/stm32cubeide/plugins/com.st.stm32cube.ide.mcu.externaltools.gnu-tools-for-stm32.7-2018-q2-update.win32_1.0.0.201904181610/tools/bin/../lib/gcc/arm-none-eabi/7.3.1/thumb/v7e-m/fpv4-sp/hard\libgcc.a
LOAD c:/st/stm32cubeide_1.0.2/stm32cubeide/plugins/com.st.stm32cube.ide.mcu.externaltools.gnu-tools-for-stm32.7-2018-q2-update.win32_1.0.0.201904181610/tools/bin/../lib/gcc/arm-none-eabi/7.3.1/../../../../arm-none-eabi/lib/thumb/v7e-m/fpv4-sp/hard\libc_nano.a
LOAD c:/st/stm32cubeide_1.0.2/stm32cubeide/plugins/com.st.stm32cube.ide.mcu.externaltools.gnu-tools-for-stm32.7-2018-q2-update.win32_1.0.0.201904181610/tools/bin/../lib/gcc/arm-none-eabi/7.3.1/../../../../arm-none-eabi/lib/thumb/v7e-m/fpv4-sp/hard\libnosys.a
END GROUP
LOAD c:/st/stm32cubeide_1.0.2/stm32cubeide/plugins/com.st.stm32cube.ide.mcu.externaltools.gnu-tools-for-stm32.7-2018-q2-update.win32_1.0.0.201904181610/tools/bin/../lib/gcc/arm-none-eabi/7.3.1/thumb/v7e-m/fpv4-sp/hard/crtend.o
LOAD c:/st/stm32cubeide_1.0.2/stm32cubeide/plugins/com.st.stm32cube.ide.mcu.externaltools.gnu-tools-for-stm32.7-2018-q2-update.win32_1.0.0.201904181610/tools/bin/../lib/gcc/arm-none-eabi/7.3.1/thumb/v7e-m/fpv4-sp/hard/crtn.o
                0x0000000020020000                _estack = 0x20020000
                0x0000000000000200                _Min_Heap_Size = 0x200
                0x0000000000000400                _Min_Stack_Size = 0x400

.isr_vector     0x0000000008000000      0x188
                0x0000000008000000                . = ALIGN (0x4)
 *(.isr_vector)
 .isr_vector    0x0000000008000000      0x188 Startup/startup_stm32f407vgtx.o
                0x0000000008000000                g_pfnVectors
                0x0000000008000188                . = ALIGN (0x4)

.text           0x0000000008000190     0xb04c
                0x0000000008000190                . = ALIGN (0x4)
 *(.text)
 .text          0x0000000008000190       0x40 c:/st/stm32cubeide_1.0.2/stm32cubeide/plugins/com.st.stm32cube.ide.mcu.externaltools.gnu-tools-for-stm32.7-2018-q2-update.win32_1.0.0.201904181610/tools/bin/../lib/gcc/arm-none-eabi/7.3.1/thumb/v7e-m/fpv4-sp/hard/crtbegin.o
 .text          0x00000000080001d0       0x10 c:/st/stm32cubeide_1.0.2/stm32cubeide/plugins/com.st.stm32cube.ide.mcu.externaltools.gnu-tools-for-stm32.7-2018-q2-update.win32_1.0.0.201904181610/tools/bin/../lib/gcc/arm-none-eabi/7.3.1/../../../../arm-none-eabi/lib/thumb/v7e-m/fpv4-sp/hard\libc_nano.a(lib_a-strlen.o)
                0x00000000080001d0                strlen
 .text          0x00000000080001e0       0xa0 c:/st/stm32cubeide_1.0.2/stm32cubeide/plugins/com.st.stm32cube.ide.mcu.externaltools.gnu-tools-for-stm32.7-2018-q2-update.win32_1.0.0.201904181610/tools/bin/../lib/gcc/arm-none-eabi/7.3.1/../../../../arm-none-eabi/lib/thumb/v7e-m/fpv4-sp/hard\libc_nano.a(lib_a-memchr.o)
                0x00000000080001e0                memchr
 .text          0x0000000008000280       0x30 c:/st/stm32cubeide_1.0.2/stm32cubeide/plugins/com.st.stm32cube.ide.mcu.externaltools.gnu-tools-for-stm32.7-2018-q2-update.win32_1.0.0.201904181610/tools/bin/../lib/gcc/arm-none-eabi/7.3.1/thumb/v7e-m/fpv4-sp/hard\libgcc.a(_aeabi_uldivmod.o)
                0x0000000008000280                __aeabi_uldivmod
 .text          0x00000000080002b0      0x2cc c:/st/stm32cubeide_1.0.2/stm32cubeide/plugins/com.st.stm32cube.ide.mcu.externaltools.gnu-tools-for-stm32.7-2018-q2-update.win32_1.0.0.201904181610/tools/bin/../lib/gcc/arm-none-eabi/7.3.1/thumb/v7e-m/fpv4-sp/hard\libgcc.a(_udivmoddi4.o)
                0x00000000080002b0                __udivmoddi4
 .text          0x000000000800057c        0x4 c:/st/stm32cubeide_1.0.2/stm32cubeide/plugins/com.st.stm32cube.ide.mcu.externaltools.gnu-tools-for-stm32.7-2018-q2-update.win32_1.0.0.201904181610/tools/bin/../lib/gcc/arm-none-eabi/7.3.1/thumb/v7e-m/fpv4-sp/hard\libgcc.a(_dvmd_tls.o)
                0x000000000800057c                __aeabi_idiv0
                0x000000000800057c                __aeabi_ldiv0
 *(.text*)
 .text.HAL_Init
                0x0000000008000580       0x44 Drivers/STM32F4xx_HAL_Driver/Src/stm32f4xx_hal.o
                0x0000000008000580                HAL_Init
 .text.HAL_InitTick
                0x00000000080005c4       0x60 Drivers/STM32F4xx_HAL_Driver/Src/stm32f4xx_hal.o
                0x00000000080005c4                HAL_InitTick
 .text.HAL_IncTick
                0x0000000008000624       0x28 Drivers/STM32F4xx_HAL_Driver/Src/stm32f4xx_hal.o
                0x0000000008000624                HAL_IncTick
 .text.HAL_GetTick
                0x000000000800064c       0x18 Drivers/STM32F4xx_HAL_Driver/Src/stm32f4xx_hal.o
                0x000000000800064c                HAL_GetTick
 .text.HAL_Delay
                0x0000000008000664       0x44 Drivers/STM32F4xx_HAL_Driver/Src/stm32f4xx_hal.o
                0x0000000008000664                HAL_Delay
 .text.__NVIC_SetPriorityGrouping
                0x00000000080006a8       0x48 Drivers/STM32F4xx_HAL_Driver/Src/stm32f4xx_hal_cortex.o
 .text.__NVIC_GetPriorityGrouping
                0x00000000080006f0       0x1c Drivers/STM32F4xx_HAL_Driver/Src/stm32f4xx_hal_cortex.o
 .text.__NVIC_EnableIRQ
                0x000000000800070c       0x3c Drivers/STM32F4xx_HAL_Driver/Src/stm32f4xx_hal_cortex.o
 .text.__NVIC_SetPriority
                0x0000000008000748       0x54 Drivers/STM32F4xx_HAL_Driver/Src/stm32f4xx_hal_cortex.o
 .text.NVIC_EncodePriority
                0x000000000800079c       0x66 Drivers/STM32F4xx_HAL_Driver/Src/stm32f4xx_hal_cortex.o
 *fill*         0x0000000008000802        0x2 
 .text.SysTick_Config
                0x0000000008000804       0x44 Drivers/STM32F4xx_HAL_Driver/Src/stm32f4xx_hal_cortex.o
 .text.HAL_NVIC_SetPriorityGrouping
                0x0000000008000848       0x16 Drivers/STM32F4xx_HAL_Driver/Src/stm32f4xx_hal_cortex.o
                0x0000000008000848                HAL_NVIC_SetPriorityGrouping
 .text.HAL_NVIC_SetPriority
                0x000000000800085e       0x38 Drivers/STM32F4xx_HAL_Driver/Src/stm32f4xx_hal_cortex.o
                0x000000000800085e                HAL_NVIC_SetPriority
 .text.HAL_NVIC_EnableIRQ
                0x0000000008000896       0x1c Drivers/STM32F4xx_HAL_Driver/Src/stm32f4xx_hal_cortex.o
                0x0000000008000896                HAL_NVIC_EnableIRQ
 .text.HAL_SYSTICK_Config
                0x00000000080008b2       0x18 Drivers/STM32F4xx_HAL_Driver/Src/stm32f4xx_hal_cortex.o
                0x00000000080008b2                HAL_SYSTICK_Config
 *fill*         0x00000000080008ca        0x2 
 .text.HAL_GPIO_Init
                0x00000000080008cc      0x334 Drivers/STM32F4xx_HAL_Driver/Src/stm32f4xx_hal_gpio.o
                0x00000000080008cc                HAL_GPIO_Init
 .text.HAL_GPIO_WritePin
                0x0000000008000c00       0x32 Drivers/STM32F4xx_HAL_Driver/Src/stm32f4xx_hal_gpio.o
                0x0000000008000c00                HAL_GPIO_WritePin
 .text.HAL_GPIO_TogglePin
                0x0000000008000c32       0x36 Drivers/STM32F4xx_HAL_Driver/Src/stm32f4xx_hal_gpio.o
                0x0000000008000c32                HAL_GPIO_TogglePin
 .text.HAL_HCD_Init
                0x0000000008000c68       0xc4 Drivers/STM32F4xx_HAL_Driver/Src/stm32f4xx_hal_hcd.o
                0x0000000008000c68                HAL_HCD_Init
 .text.HAL_HCD_HC_Init
                0x0000000008000d2c      0x130 Drivers/STM32F4xx_HAL_Driver/Src/stm32f4xx_hal_hcd.o
                0x0000000008000d2c                HAL_HCD_HC_Init
 .text.HAL_HCD_HC_Halt
                0x0000000008000e5c       0x46 Drivers/STM32F4xx_HAL_Driver/Src/stm32f4xx_hal_hcd.o
                0x0000000008000e5c                HAL_HCD_HC_Halt
 *fill*         0x0000000008000ea2        0x2 
 .text.HAL_HCD_HC_SubmitRequest
                0x0000000008000ea4      0x2d0 Drivers/STM32F4xx_HAL_Driver/Src/stm32f4xx_hal_hcd.o
                0x0000000008000ea4                HAL_HCD_HC_SubmitRequest
 .text.HAL_HCD_IRQHandler
                0x0000000008001174      0x20c Drivers/STM32F4xx_HAL_Driver/Src/stm32f4xx_hal_hcd.o
                0x0000000008001174                HAL_HCD_IRQHandler
 .text.HAL_HCD_Start
                0x0000000008001380       0x46 Drivers/STM32F4xx_HAL_Driver/Src/stm32f4xx_hal_hcd.o
                0x0000000008001380                HAL_HCD_Start
 .text.HAL_HCD_Stop
                0x00000000080013c6       0x3a Drivers/STM32F4xx_HAL_Driver/Src/stm32f4xx_hal_hcd.o
                0x00000000080013c6                HAL_HCD_Stop
 .text.HAL_HCD_ResetPort
                0x0000000008001400       0x1c Drivers/STM32F4xx_HAL_Driver/Src/stm32f4xx_hal_hcd.o
                0x0000000008001400                HAL_HCD_ResetPort
 .text.HAL_HCD_HC_GetURBState
                0x000000000800141c       0x2a Drivers/STM32F4xx_HAL_Driver/Src/stm32f4xx_hal_hcd.o
                0x000000000800141c                HAL_HCD_HC_GetURBState
 .text.HAL_HCD_HC_GetXferCount
                0x0000000008001446       0x2a Drivers/STM32F4xx_HAL_Driver/Src/stm32f4xx_hal_hcd.o
                0x0000000008001446                HAL_HCD_HC_GetXferCount
 .text.HAL_HCD_GetCurrentFrame
                0x0000000008001470       0x1c Drivers/STM32F4xx_HAL_Driver/Src/stm32f4xx_hal_hcd.o
                0x0000000008001470                HAL_HCD_GetCurrentFrame
 .text.HAL_HCD_GetCurrentSpeed
                0x000000000800148c       0x1c Drivers/STM32F4xx_HAL_Driver/Src/stm32f4xx_hal_hcd.o
                0x000000000800148c                HAL_HCD_GetCurrentSpeed
 .text.HCD_HC_IN_IRQHandler
                0x00000000080014a8      0x72e Drivers/STM32F4xx_HAL_Driver/Src/stm32f4xx_hal_hcd.o
 .text.HCD_HC_OUT_IRQHandler
                0x0000000008001bd6      0x6ea Drivers/STM32F4xx_HAL_Driver/Src/stm32f4xx_hal_hcd.o
 .text.HCD_RXQLVL_IRQHandler
                0x00000000080022c0      0x158 Drivers/STM32F4xx_HAL_Driver/Src/stm32f4xx_hal_hcd.o
 .text.HCD_Port_IRQHandler
                0x0000000008002418      0x120 Drivers/STM32F4xx_HAL_Driver/Src/stm32f4xx_hal_hcd.o
 .text.HAL_I2C_Init
                0x0000000008002538      0x250 Drivers/STM32F4xx_HAL_Driver/Src/stm32f4xx_hal_i2c.o
                0x0000000008002538                HAL_I2C_Init
 .text.HAL_I2S_Init
                0x0000000008002788      0x280 Drivers/STM32F4xx_HAL_Driver/Src/stm32f4xx_hal_i2s.o
                0x0000000008002788                HAL_I2S_Init
 .text.HAL_I2S_TxCpltCallback
                0x0000000008002a08       0x14 Drivers/STM32F4xx_HAL_Driver/Src/stm32f4xx_hal_i2s.o
                0x0000000008002a08                HAL_I2S_TxCpltCallback
 .text.HAL_I2S_RxCpltCallback
                0x0000000008002a1c       0x14 Drivers/STM32F4xx_HAL_Driver/Src/stm32f4xx_hal_i2s.o
                0x0000000008002a1c                HAL_I2S_RxCpltCallback
 .text.HAL_I2S_ErrorCallback
                0x0000000008002a30       0x14 Drivers/STM32F4xx_HAL_Driver/Src/stm32f4xx_hal_i2s.o
                0x0000000008002a30                HAL_I2S_ErrorCallback
 .text.I2S_Transmit_IT
                0x0000000008002a44       0x5c Drivers/STM32F4xx_HAL_Driver/Src/stm32f4xx_hal_i2s.o
 .text.I2S_Receive_IT
                0x0000000008002aa0       0x5e Drivers/STM32F4xx_HAL_Driver/Src/stm32f4xx_hal_i2s.o
 .text.I2S_IRQHandler
                0x0000000008002afe      0x114 Drivers/STM32F4xx_HAL_Driver/Src/stm32f4xx_hal_i2s.o
 *fill*         0x0000000008002c12        0x2 
 .text.HAL_I2SEx_FullDuplex_IRQHandler
                0x0000000008002c14      0x2a8 Drivers/STM32F4xx_HAL_Driver/Src/stm32f4xx_hal_i2s_ex.o
                0x0000000008002c14                HAL_I2SEx_FullDuplex_IRQHandler
 .text.HAL_I2SEx_TxRxCpltCallback
                0x0000000008002ebc       0x14 Drivers/STM32F4xx_HAL_Driver/Src/stm32f4xx_hal_i2s_ex.o
                0x0000000008002ebc                HAL_I2SEx_TxRxCpltCallback
 .text.I2SEx_TxISR_I2S
                0x0000000008002ed0       0x62 Drivers/STM32F4xx_HAL_Driver/Src/stm32f4xx_hal_i2s_ex.o
 *fill*         0x0000000008002f32        0x2 
 .text.I2SEx_TxISR_I2SExt
                0x0000000008002f34       0x98 Drivers/STM32F4xx_HAL_Driver/Src/stm32f4xx_hal_i2s_ex.o
 .text.I2SEx_RxISR_I2S
                0x0000000008002fcc       0x64 Drivers/STM32F4xx_HAL_Driver/Src/stm32f4xx_hal_i2s_ex.o
 .text.I2SEx_RxISR_I2SExt
                0x0000000008003030       0x98 Drivers/STM32F4xx_HAL_Driver/Src/stm32f4xx_hal_i2s_ex.o
 .text.HAL_RCC_OscConfig
                0x00000000080030c8      0x484 Drivers/STM32F4xx_HAL_Driver/Src/stm32f4xx_hal_rcc.o
                0x00000000080030c8                HAL_RCC_OscConfig
 .text.HAL_RCC_ClockConfig
                0x000000000800354c      0x1c4 Drivers/STM32F4xx_HAL_Driver/Src/stm32f4xx_hal_rcc.o
                0x000000000800354c                HAL_RCC_ClockConfig
 .text.HAL_RCC_GetSysClockFreq
                0x0000000008003710      0x1b0 Drivers/STM32F4xx_HAL_Driver/Src/stm32f4xx_hal_rcc.o
                0x0000000008003710                HAL_RCC_GetSysClockFreq
 .text.HAL_RCC_GetHCLKFreq
                0x00000000080038c0       0x18 Drivers/STM32F4xx_HAL_Driver/Src/stm32f4xx_hal_rcc.o
                0x00000000080038c0                HAL_RCC_GetHCLKFreq
 .text.HAL_RCC_GetPCLK1Freq
                0x00000000080038d8       0x28 Drivers/STM32F4xx_HAL_Driver/Src/stm32f4xx_hal_rcc.o
                0x00000000080038d8                HAL_RCC_GetPCLK1Freq
 .text.HAL_RCC_GetPCLK2Freq
                0x0000000008003900       0x28 Drivers/STM32F4xx_HAL_Driver/Src/stm32f4xx_hal_rcc.o
                0x0000000008003900                HAL_RCC_GetPCLK2Freq
 .text.HAL_RCCEx_PeriphCLKConfig
                0x0000000008003928      0x1c4 Drivers/STM32F4xx_HAL_Driver/Src/stm32f4xx_hal_rcc_ex.o
                0x0000000008003928                HAL_RCCEx_PeriphCLKConfig
 .text.HAL_RCCEx_GetPeriphCLKFreq
                0x0000000008003aec       0xb8 Drivers/STM32F4xx_HAL_Driver/Src/stm32f4xx_hal_rcc_ex.o
                0x0000000008003aec                HAL_RCCEx_GetPeriphCLKFreq
 .text.HAL_SPI_Init
                0x0000000008003ba4       0xc8 Drivers/STM32F4xx_HAL_Driver/Src/stm32f4xx_hal_spi.o
                0x0000000008003ba4                HAL_SPI_Init
 .text.HAL_UART_Init
                0x0000000008003c6c       0x9a Drivers/STM32F4xx_HAL_Driver/Src/stm32f4xx_hal_uart.o
                0x0000000008003c6c                HAL_UART_Init
 .text.HAL_UART_Transmit
                0x0000000008003d06      0x132 Drivers/STM32F4xx_HAL_Driver/Src/stm32f4xx_hal_uart.o
                0x0000000008003d06                HAL_UART_Transmit
 .text.UART_WaitOnFlagUntilTimeout
                0x0000000008003e38       0x94 Drivers/STM32F4xx_HAL_Driver/Src/stm32f4xx_hal_uart.o
 .text.UART_SetConfig
                0x0000000008003ecc      0x414 Drivers/STM32F4xx_HAL_Driver/Src/stm32f4xx_hal_uart.o
 .text.USB_CoreInit
                0x00000000080042e0       0xc2 Drivers/STM32F4xx_HAL_Driver/Src/stm32f4xx_ll_usb.o
                0x00000000080042e0                USB_CoreInit
 .text.USB_EnableGlobalInt
                0x00000000080043a2       0x22 Drivers/STM32F4xx_HAL_Driver/Src/stm32f4xx_ll_usb.o
                0x00000000080043a2                USB_EnableGlobalInt
 .text.USB_DisableGlobalInt
                0x00000000080043c4       0x22 Drivers/STM32F4xx_HAL_Driver/Src/stm32f4xx_ll_usb.o
                0x00000000080043c4                USB_DisableGlobalInt
 .text.USB_SetCurrentMode
                0x00000000080043e6       0x54 Drivers/STM32F4xx_HAL_Driver/Src/stm32f4xx_ll_usb.o
                0x00000000080043e6                USB_SetCurrentMode
 *fill*         0x000000000800443a        0x2 
 .text.USB_FlushTxFifo
                0x000000000800443c       0x4c Drivers/STM32F4xx_HAL_Driver/Src/stm32f4xx_ll_usb.o
                0x000000000800443c                USB_FlushTxFifo
 .text.USB_FlushRxFifo
                0x0000000008004488       0x44 Drivers/STM32F4xx_HAL_Driver/Src/stm32f4xx_ll_usb.o
                0x0000000008004488                USB_FlushRxFifo
 .text.USB_WritePacket
                0x00000000080044cc       0x6a Drivers/STM32F4xx_HAL_Driver/Src/stm32f4xx_ll_usb.o
                0x00000000080044cc                USB_WritePacket
 .text.USB_ReadPacket
                0x0000000008004536       0x52 Drivers/STM32F4xx_HAL_Driver/Src/stm32f4xx_ll_usb.o
                0x0000000008004536                USB_ReadPacket
 .text.USB_ReadInterrupts
                0x0000000008004588       0x26 Drivers/STM32F4xx_HAL_Driver/Src/stm32f4xx_ll_usb.o
                0x0000000008004588                USB_ReadInterrupts
 .text.USB_GetMode
                0x00000000080045ae       0x1c Drivers/STM32F4xx_HAL_Driver/Src/stm32f4xx_ll_usb.o
                0x00000000080045ae                USB_GetMode
 *fill*         0x00000000080045ca        0x2 
 .text.USB_CoreReset
                0x00000000080045cc       0x68 Drivers/STM32F4xx_HAL_Driver/Src/stm32f4xx_ll_usb.o
 .text.USB_HostInit
                0x0000000008004634      0x178 Drivers/STM32F4xx_HAL_Driver/Src/stm32f4xx_ll_usb.o
                0x0000000008004634                USB_HostInit
 .text.USB_InitFSLSPClkSel
                0x00000000080047ac       0x74 Drivers/STM32F4xx_HAL_Driver/Src/stm32f4xx_ll_usb.o
                0x00000000080047ac                USB_InitFSLSPClkSel
 .text.USB_ResetPort
                0x0000000008004820       0x54 Drivers/STM32F4xx_HAL_Driver/Src/stm32f4xx_ll_usb.o
                0x0000000008004820                USB_ResetPort
 .text.USB_DriveVbus
                0x0000000008004874       0x72 Drivers/STM32F4xx_HAL_Driver/Src/stm32f4xx_ll_usb.o
                0x0000000008004874                USB_DriveVbus
 .text.USB_GetHostSpeed
                0x00000000080048e6       0x2e Drivers/STM32F4xx_HAL_Driver/Src/stm32f4xx_ll_usb.o
                0x00000000080048e6                USB_GetHostSpeed
 .text.USB_GetCurrentFrame
                0x0000000008004914       0x22 Drivers/STM32F4xx_HAL_Driver/Src/stm32f4xx_ll_usb.o
                0x0000000008004914                USB_GetCurrentFrame
 *fill*         0x0000000008004936        0x2 
 .text.USB_HC_Init
                0x0000000008004938      0x214 Drivers/STM32F4xx_HAL_Driver/Src/stm32f4xx_ll_usb.o
                0x0000000008004938                USB_HC_Init
 .text.USB_HC_StartXfer
                0x0000000008004b4c      0x288 Drivers/STM32F4xx_HAL_Driver/Src/stm32f4xx_ll_usb.o
                0x0000000008004b4c                USB_HC_StartXfer
 .text.USB_HC_ReadInterrupt
                0x0000000008004dd4       0x22 Drivers/STM32F4xx_HAL_Driver/Src/stm32f4xx_ll_usb.o
                0x0000000008004dd4                USB_HC_ReadInterrupt
 .text.USB_HC_Halt
                0x0000000008004df6      0x1fe Drivers/STM32F4xx_HAL_Driver/Src/stm32f4xx_ll_usb.o
                0x0000000008004df6                USB_HC_Halt
 .text.USB_DoPing
                0x0000000008004ff4       0x78 Drivers/STM32F4xx_HAL_Driver/Src/stm32f4xx_ll_usb.o
                0x0000000008004ff4                USB_DoPing
 .text.USB_StopHost
                0x000000000800506c      0x10c Drivers/STM32F4xx_HAL_Driver/Src/stm32f4xx_ll_usb.o
                0x000000000800506c                USB_StopHost
 .text.USBH_CDC_InterfaceInit
                0x0000000008005178      0x282 Middlewares/ST/STM32_USB_Host_Library/Class/CDC/Src/usbh_cdc.o
 .text.USBH_CDC_InterfaceDeInit
                0x00000000080053fa       0xb2 Middlewares/ST/STM32_USB_Host_Library/Class/CDC/Src/usbh_cdc.o
 .text.USBH_CDC_ClassRequest
                0x00000000080054ac       0x42 Middlewares/ST/STM32_USB_Host_Library/Class/CDC/Src/usbh_cdc.o
 *fill*         0x00000000080054ee        0x2 
 .text.USBH_CDC_Process
                0x00000000080054f0      0x12c Middlewares/ST/STM32_USB_Host_Library/Class/CDC/Src/usbh_cdc.o
 .text.USBH_CDC_SOFProcess
                0x000000000800561c       0x16 Middlewares/ST/STM32_USB_Host_Library/Class/CDC/Src/usbh_cdc.o
 .text.GetLineCoding
                0x0000000008005632       0x3e Middlewares/ST/STM32_USB_Host_Library/Class/CDC/Src/usbh_cdc.o
 .text.SetLineCoding
                0x0000000008005670       0x3e Middlewares/ST/STM32_USB_Host_Library/Class/CDC/Src/usbh_cdc.o
 .text.CDC_ProcessTransmission
                0x00000000080056ae      0x128 Middlewares/ST/STM32_USB_Host_Library/Class/CDC/Src/usbh_cdc.o
 .text.CDC_ProcessReception
                0x00000000080057d6       0xd2 Middlewares/ST/STM32_USB_Host_Library/Class/CDC/Src/usbh_cdc.o
 .text.USBH_CDC_TransmitCallback
                0x00000000080058a8       0x14 Middlewares/ST/STM32_USB_Host_Library/Class/CDC/Src/usbh_cdc.o
                0x00000000080058a8                USBH_CDC_TransmitCallback
 .text.USBH_CDC_ReceiveCallback
                0x00000000080058bc       0x14 Middlewares/ST/STM32_USB_Host_Library/Class/CDC/Src/usbh_cdc.o
                0x00000000080058bc                USBH_CDC_ReceiveCallback
 .text.USBH_CDC_LineCodingChanged
                0x00000000080058d0       0x14 Middlewares/ST/STM32_USB_Host_Library/Class/CDC/Src/usbh_cdc.o
                0x00000000080058d0                USBH_CDC_LineCodingChanged
 .text.USBH_Init
                0x00000000080058e4       0xa4 Middlewares/ST/STM32_USB_Host_Library/Core/Src/usbh_core.o
                0x00000000080058e4                USBH_Init
 .text.DeInitStateMachine
                0x0000000008005988       0x92 Middlewares/ST/STM32_USB_Host_Library/Core/Src/usbh_core.o
 .text.USBH_RegisterClass
                0x0000000008005a1a       0x56 Middlewares/ST/STM32_USB_Host_Library/Core/Src/usbh_core.o
                0x0000000008005a1a                USBH_RegisterClass
 .text.USBH_SelectInterface
                0x0000000008005a70       0x38 Middlewares/ST/STM32_USB_Host_Library/Core/Src/usbh_core.o
                0x0000000008005a70                USBH_SelectInterface
 .text.USBH_FindInterface
                0x0000000008005aa8       0x8c Middlewares/ST/STM32_USB_Host_Library/Core/Src/usbh_core.o
                0x0000000008005aa8                USBH_FindInterface
 .text.USBH_Start
                0x0000000008005b34       0x20 Middlewares/ST/STM32_USB_Host_Library/Core/Src/usbh_core.o
                0x0000000008005b34                USBH_Start
 .text.USBH_Process
                0x0000000008005b54      0x3c0 Middlewares/ST/STM32_USB_Host_Library/Core/Src/usbh_core.o
                0x0000000008005b54                USBH_Process
 .text.USBH_HandleEnum
                0x0000000008005f14      0x2a8 Middlewares/ST/STM32_USB_Host_Library/Core/Src/usbh_core.o
 .text.USBH_LL_SetTimer
                0x00000000080061bc       0x1e Middlewares/ST/STM32_USB_Host_Library/Core/Src/usbh_core.o
                0x00000000080061bc                USBH_LL_SetTimer
 .text.USBH_LL_IncTimer
                0x00000000080061da       0x24 Middlewares/ST/STM32_USB_Host_Library/Core/Src/usbh_core.o
                0x00000000080061da                USBH_LL_IncTimer
 .text.USBH_HandleSof
                0x00000000080061fe       0x30 Middlewares/ST/STM32_USB_Host_Library/Core/Src/usbh_core.o
 .text.USBH_LL_PortEnabled
                0x000000000800622e       0x1c Middlewares/ST/STM32_USB_Host_Library/Core/Src/usbh_core.o
                0x000000000800622e                USBH_LL_PortEnabled
 .text.USBH_LL_PortDisabled
                0x000000000800624a       0x1c Middlewares/ST/STM32_USB_Host_Library/Core/Src/usbh_core.o
                0x000000000800624a                USBH_LL_PortDisabled
 .text.USBH_IsPortEnabled
                0x0000000008006266       0x1a Middlewares/ST/STM32_USB_Host_Library/Core/Src/usbh_core.o
                0x0000000008006266                USBH_IsPortEnabled
 .text.USBH_LL_Connect
                0x0000000008006280       0x68 Middlewares/ST/STM32_USB_Host_Library/Core/Src/usbh_core.o
                0x0000000008006280                USBH_LL_Connect
 .text.USBH_LL_Disconnect
                0x00000000080062e8       0x76 Middlewares/ST/STM32_USB_Host_Library/Core/Src/usbh_core.o
                0x00000000080062e8                USBH_LL_Disconnect
 .text.USBH_Process_OS
                0x000000000800635e       0x2a Middlewares/ST/STM32_USB_Host_Library/Core/Src/usbh_core.o
 .text.USBH_LL_NotifyURBChange
                0x0000000008006388       0x2e Middlewares/ST/STM32_USB_Host_Library/Core/Src/usbh_core.o
                0x0000000008006388                USBH_LL_NotifyURBChange
 .text.USBH_Get_DevDesc
                0x00000000080063b6       0x50 Middlewares/ST/STM32_USB_Host_Library/Core/Src/usbh_ctlreq.o
                0x00000000080063b6                USBH_Get_DevDesc
 .text.USBH_Get_CfgDesc
                0x0000000008006406       0x48 Middlewares/ST/STM32_USB_Host_Library/Core/Src/usbh_ctlreq.o
                0x0000000008006406                USBH_Get_CfgDesc
 .text.USBH_Get_StringDesc
                0x000000000800644e       0x56 Middlewares/ST/STM32_USB_Host_Library/Core/Src/usbh_ctlreq.o
                0x000000000800644e                USBH_Get_StringDesc
 .text.USBH_GetDescriptor
                0x00000000080064a4       0x6a Middlewares/ST/STM32_USB_Host_Library/Core/Src/usbh_ctlreq.o
                0x00000000080064a4                USBH_GetDescriptor
 .text.USBH_SetAddress
                0x000000000800650e       0x48 Middlewares/ST/STM32_USB_Host_Library/Core/Src/usbh_ctlreq.o
                0x000000000800650e                USBH_SetAddress
 .text.USBH_SetCfg
                0x0000000008006556       0x46 Middlewares/ST/STM32_USB_Host_Library/Core/Src/usbh_ctlreq.o
                0x0000000008006556                USBH_SetCfg
 .text.USBH_SetFeature
                0x000000000800659c       0x48 Middlewares/ST/STM32_USB_Host_Library/Core/Src/usbh_ctlreq.o
                0x000000000800659c                USBH_SetFeature
 .text.USBH_ClrFeature
                0x00000000080065e4       0x48 Middlewares/ST/STM32_USB_Host_Library/Core/Src/usbh_ctlreq.o
                0x00000000080065e4                USBH_ClrFeature
 .text.USBH_ParseDevDesc
                0x000000000800662c       0xe0 Middlewares/ST/STM32_USB_Host_Library/Core/Src/usbh_ctlreq.o
 .text.USBH_ParseCfgDesc
                0x000000000800670c      0x144 Middlewares/ST/STM32_USB_Host_Library/Core/Src/usbh_ctlreq.o
 .text.USBH_ParseInterfaceDesc
                0x0000000008006850       0x5e Middlewares/ST/STM32_USB_Host_Library/Core/Src/usbh_ctlreq.o
 .text.USBH_ParseEPDesc
                0x00000000080068ae       0x5a Middlewares/ST/STM32_USB_Host_Library/Core/Src/usbh_ctlreq.o
 .text.USBH_ParseStringDesc
                0x0000000008006908       0x66 Middlewares/ST/STM32_USB_Host_Library/Core/Src/usbh_ctlreq.o
 .text.USBH_GetNextDesc
                0x000000000800696e       0x36 Middlewares/ST/STM32_USB_Host_Library/Core/Src/usbh_ctlreq.o
                0x000000000800696e                USBH_GetNextDesc
 .text.USBH_CtlReq
                0x00000000080069a4       0xb0 Middlewares/ST/STM32_USB_Host_Library/Core/Src/usbh_ctlreq.o
                0x00000000080069a4                USBH_CtlReq
 .text.USBH_HandleControl
                0x0000000008006a54      0x47c Middlewares/ST/STM32_USB_Host_Library/Core/Src/usbh_ctlreq.o
 .text.USBH_CtlSendSetup
                0x0000000008006ed0       0x34 Middlewares/ST/STM32_USB_Host_Library/Core/Src/usbh_ioreq.o
                0x0000000008006ed0                USBH_CtlSendSetup
 .text.USBH_CtlSendData
                0x0000000008006f04       0x4a Middlewares/ST/STM32_USB_Host_Library/Core/Src/usbh_ioreq.o
                0x0000000008006f04                USBH_CtlSendData
 .text.USBH_CtlReceiveData
                0x0000000008006f4e       0x3c Middlewares/ST/STM32_USB_Host_Library/Core/Src/usbh_ioreq.o
                0x0000000008006f4e                USBH_CtlReceiveData
 .text.USBH_BulkSendData
                0x0000000008006f8a       0x4a Middlewares/ST/STM32_USB_Host_Library/Core/Src/usbh_ioreq.o
                0x0000000008006f8a                USBH_BulkSendData
 .text.USBH_BulkReceiveData
                0x0000000008006fd4       0x3c Middlewares/ST/STM32_USB_Host_Library/Core/Src/usbh_ioreq.o
                0x0000000008006fd4                USBH_BulkReceiveData
 .text.USBH_OpenPipe
                0x0000000008007010       0x3e Middlewares/ST/STM32_USB_Host_Library/Core/Src/usbh_pipes.o
                0x0000000008007010                USBH_OpenPipe
 .text.USBH_ClosePipe
                0x000000000800704e       0x20 Middlewares/ST/STM32_USB_Host_Library/Core/Src/usbh_pipes.o
                0x000000000800704e                USBH_ClosePipe
 .text.USBH_AllocPipe
                0x000000000800706e       0x3c Middlewares/ST/STM32_USB_Host_Library/Core/Src/usbh_pipes.o
                0x000000000800706e                USBH_AllocPipe
 .text.USBH_FreePipe
                0x00000000080070aa       0x38 Middlewares/ST/STM32_USB_Host_Library/Core/Src/usbh_pipes.o
                0x00000000080070aa                USBH_FreePipe
 .text.USBH_GetFreePipe
                0x00000000080070e2       0x46 Middlewares/ST/STM32_USB_Host_Library/Core/Src/usbh_pipes.o
 .text.makeFreeRtosPriority
                0x0000000008007128       0x30 Middlewares/Third_Party/FreeRTOS/Source/CMSIS_RTOS/cmsis_os.o
 .text.inHandlerMode
                0x0000000008007158       0x24 Middlewares/Third_Party/FreeRTOS/Source/CMSIS_RTOS/cmsis_os.o
 .text.osKernelStart
                0x000000000800717c        0xe Middlewares/Third_Party/FreeRTOS/Source/CMSIS_RTOS/cmsis_os.o
                0x000000000800717c                osKernelStart
 .text.osThreadCreate
                0x000000000800718a       0x98 Middlewares/Third_Party/FreeRTOS/Source/CMSIS_RTOS/cmsis_os.o
                0x000000000800718a                osThreadCreate
 .text.osDelay  0x0000000008007222       0x28 Middlewares/Third_Party/FreeRTOS/Source/CMSIS_RTOS/cmsis_os.o
                0x0000000008007222                osDelay
 .text.osPoolCreate
                0x000000000800724a       0xba Middlewares/Third_Party/FreeRTOS/Source/CMSIS_RTOS/cmsis_os.o
                0x000000000800724a                osPoolCreate
 .text.osPoolAlloc
                0x0000000008007304       0xc4 Middlewares/Third_Party/FreeRTOS/Source/CMSIS_RTOS/cmsis_os.o
                0x0000000008007304                osPoolAlloc
 .text.osPoolFree
                0x00000000080073c8       0x82 Middlewares/Third_Party/FreeRTOS/Source/CMSIS_RTOS/cmsis_os.o
                0x00000000080073c8                osPoolFree
 .text.osMessageCreate
                0x000000000800744a       0x52 Middlewares/Third_Party/FreeRTOS/Source/CMSIS_RTOS/cmsis_os.o
                0x000000000800744a                osMessageCreate
 .text.osMessagePut
                0x000000000800749c       0x80 Middlewares/Third_Party/FreeRTOS/Source/CMSIS_RTOS/cmsis_os.o
                0x000000000800749c                osMessagePut
 .text.osMessageGet
                0x000000000800751c       0xe8 Middlewares/Third_Party/FreeRTOS/Source/CMSIS_RTOS/cmsis_os.o
                0x000000000800751c                osMessageGet
 .text.vListInitialise
                0x0000000008007604       0x40 Middlewares/Third_Party/FreeRTOS/Source/list.o
                0x0000000008007604                vListInitialise
 .text.vListInitialiseItem
                0x0000000008007644       0x1a Middlewares/Third_Party/FreeRTOS/Source/list.o
                0x0000000008007644                vListInitialiseItem
 .text.vListInsertEnd
                0x000000000800765e       0x48 Middlewares/Third_Party/FreeRTOS/Source/list.o
                0x000000000800765e                vListInsertEnd
 .text.vListInsert
                0x00000000080076a6       0x72 Middlewares/Third_Party/FreeRTOS/Source/list.o
                0x00000000080076a6                vListInsert
 .text.uxListRemove
                0x0000000008007718       0x54 Middlewares/Third_Party/FreeRTOS/Source/list.o
                0x0000000008007718                uxListRemove
 .text.xQueueGenericReset
                0x000000000800776c       0xd0 Middlewares/Third_Party/FreeRTOS/Source/queue.o
                0x000000000800776c                xQueueGenericReset
 .text.xQueueGenericCreateStatic
                0x000000000800783c       0xe4 Middlewares/Third_Party/FreeRTOS/Source/queue.o
                0x000000000800783c                xQueueGenericCreateStatic
 .text.xQueueGenericCreate
                0x0000000008007920       0x7a Middlewares/Third_Party/FreeRTOS/Source/queue.o
                0x0000000008007920                xQueueGenericCreate
 .text.prvInitialiseNewQueue
                0x000000000800799a       0x3e Middlewares/Third_Party/FreeRTOS/Source/queue.o
 .text.xQueueGenericSend
                0x00000000080079d8      0x1f4 Middlewares/Third_Party/FreeRTOS/Source/queue.o
                0x00000000080079d8                xQueueGenericSend
 .text.xQueueGenericSendFromISR
                0x0000000008007bcc      0x128 Middlewares/Third_Party/FreeRTOS/Source/queue.o
                0x0000000008007bcc                xQueueGenericSendFromISR
 .text.xQueueReceive
                0x0000000008007cf4      0x1b8 Middlewares/Third_Party/FreeRTOS/Source/queue.o
                0x0000000008007cf4                xQueueReceive
 .text.xQueueReceiveFromISR
                0x0000000008007eac       0xfa Middlewares/Third_Party/FreeRTOS/Source/queue.o
                0x0000000008007eac                xQueueReceiveFromISR
 .text.prvCopyDataToQueue
                0x0000000008007fa6       0xd4 Middlewares/Third_Party/FreeRTOS/Source/queue.o
 .text.prvCopyDataFromQueue
                0x000000000800807a       0x4c Middlewares/Third_Party/FreeRTOS/Source/queue.o
 .text.prvUnlockQueue
                0x00000000080080c6       0xa4 Middlewares/Third_Party/FreeRTOS/Source/queue.o
 .text.prvIsQueueEmpty
                0x000000000800816a       0x2c Middlewares/Third_Party/FreeRTOS/Source/queue.o
 .text.prvIsQueueFull
                0x0000000008008196       0x30 Middlewares/Third_Party/FreeRTOS/Source/queue.o
 .text.xTaskCreateStatic
                0x00000000080081c6       0xb2 Middlewares/Third_Party/FreeRTOS/Source/tasks.o
                0x00000000080081c6                xTaskCreateStatic
 .text.xTaskCreate
                0x0000000008008278       0x8a Middlewares/Third_Party/FreeRTOS/Source/tasks.o
                0x0000000008008278                xTaskCreate
 .text.prvInitialiseNewTask
                0x0000000008008302       0xfc Middlewares/Third_Party/FreeRTOS/Source/tasks.o
 *fill*         0x00000000080083fe        0x2 
 .text.prvAddNewTaskToReadyList
                0x0000000008008400       0xd4 Middlewares/Third_Party/FreeRTOS/Source/tasks.o
 .text.vTaskDelay
                0x00000000080084d4       0x68 Middlewares/Third_Party/FreeRTOS/Source/tasks.o
                0x00000000080084d4                vTaskDelay
 .text.vTaskStartScheduler
                0x000000000800853c       0xbc Middlewares/Third_Party/FreeRTOS/Source/tasks.o
                0x000000000800853c                vTaskStartScheduler
 .text.vTaskSuspendAll
                0x00000000080085f8       0x1c Middlewares/Third_Party/FreeRTOS/Source/tasks.o
                0x00000000080085f8                vTaskSuspendAll
 .text.xTaskResumeAll
                0x0000000008008614      0x138 Middlewares/Third_Party/FreeRTOS/Source/tasks.o
                0x0000000008008614                xTaskResumeAll
 .text.xTaskIncrementTick
                0x000000000800874c      0x178 Middlewares/Third_Party/FreeRTOS/Source/tasks.o
                0x000000000800874c                xTaskIncrementTick
 .text.vTaskSwitchContext
                0x00000000080088c4       0xb4 Middlewares/Third_Party/FreeRTOS/Source/tasks.o
                0x00000000080088c4                vTaskSwitchContext
 .text.vTaskPlaceOnEventList
                0x0000000008008978       0x48 Middlewares/Third_Party/FreeRTOS/Source/tasks.o
                0x0000000008008978                vTaskPlaceOnEventList
 .text.xTaskRemoveFromEventList
                0x00000000080089c0       0xc4 Middlewares/Third_Party/FreeRTOS/Source/tasks.o
                0x00000000080089c0                xTaskRemoveFromEventList
 .text.vTaskInternalSetTimeOutState
                0x0000000008008a84       0x2c Middlewares/Third_Party/FreeRTOS/Source/tasks.o
                0x0000000008008a84                vTaskInternalSetTimeOutState
 .text.xTaskCheckForTimeOut
                0x0000000008008ab0       0xc0 Middlewares/Third_Party/FreeRTOS/Source/tasks.o
                0x0000000008008ab0                xTaskCheckForTimeOut
 .text.vTaskMissedYield
                0x0000000008008b70       0x18 Middlewares/Third_Party/FreeRTOS/Source/tasks.o
                0x0000000008008b70                vTaskMissedYield
 .text.prvIdleTask
                0x0000000008008b88       0x30 Middlewares/Third_Party/FreeRTOS/Source/tasks.o
 .text.prvInitialiseTaskLists
                0x0000000008008bb8       0x80 Middlewares/Third_Party/FreeRTOS/Source/tasks.o
 .text.prvCheckTasksWaitingTermination
                0x0000000008008c38       0x58 Middlewares/Third_Party/FreeRTOS/Source/tasks.o
 .text.prvDeleteTCB
                0x0000000008008c90       0x5c Middlewares/Third_Party/FreeRTOS/Source/tasks.o
 .text.prvResetNextTaskUnblockTime
                0x0000000008008cec       0x4c Middlewares/Third_Party/FreeRTOS/Source/tasks.o
 .text.xTaskGetSchedulerState
                0x0000000008008d38       0x3c Middlewares/Third_Party/FreeRTOS/Source/tasks.o
                0x0000000008008d38                xTaskGetSchedulerState
 .text.xTaskPriorityDisinherit
                0x0000000008008d74      0x108 Middlewares/Third_Party/FreeRTOS/Source/tasks.o
                0x0000000008008d74                xTaskPriorityDisinherit
 .text.prvAddCurrentTaskToDelayedList
                0x0000000008008e7c       0xcc Middlewares/Third_Party/FreeRTOS/Source/tasks.o
 .text.pxPortInitialiseStack
                0x0000000008008f48       0x68 Middlewares/Third_Party/FreeRTOS/Source/portable/GCC/ARM_CM4F/port.o
                0x0000000008008f48                pxPortInitialiseStack
 .text.prvTaskExitError
                0x0000000008008fb0       0x54 Middlewares/Third_Party/FreeRTOS/Source/portable/GCC/ARM_CM4F/port.o
 *fill*         0x0000000008009004        0xc 
 .text.SVC_Handler
                0x0000000008009010       0x28 Middlewares/Third_Party/FreeRTOS/Source/portable/GCC/ARM_CM4F/port.o
                0x0000000008009010                SVC_Handler
 .text.prvPortStartFirstTask
                0x0000000008009038       0x28 Middlewares/Third_Party/FreeRTOS/Source/portable/GCC/ARM_CM4F/port.o
 .text.xPortStartScheduler
                0x0000000008009060      0x13c Middlewares/Third_Party/FreeRTOS/Source/portable/GCC/ARM_CM4F/port.o
                0x0000000008009060                xPortStartScheduler
 .text.vPortEnterCritical
                0x000000000800919c       0x5c Middlewares/Third_Party/FreeRTOS/Source/portable/GCC/ARM_CM4F/port.o
                0x000000000800919c                vPortEnterCritical
 .text.vPortExitCritical
                0x00000000080091f8       0x50 Middlewares/Third_Party/FreeRTOS/Source/portable/GCC/ARM_CM4F/port.o
                0x00000000080091f8                vPortExitCritical
 *fill*         0x0000000008009248        0x8 
 .text.PendSV_Handler
                0x0000000008009250       0x68 Middlewares/Third_Party/FreeRTOS/Source/portable/GCC/ARM_CM4F/port.o
                0x0000000008009250                PendSV_Handler
 .text.xPortSysTickHandler
                0x00000000080092b8       0x40 Middlewares/Third_Party/FreeRTOS/Source/portable/GCC/ARM_CM4F/port.o
                0x00000000080092b8                xPortSysTickHandler
 .text.vPortSetupTimerInterrupt
                0x00000000080092f8       0x48 Middlewares/Third_Party/FreeRTOS/Source/portable/GCC/ARM_CM4F/port.o
                0x00000000080092f8                vPortSetupTimerInterrupt
 .text.vPortEnableVFP
                0x0000000008009340       0x14 Middlewares/Third_Party/FreeRTOS/Source/portable/GCC/ARM_CM4F/port.o
 .text.vPortValidateInterruptPriority
                0x0000000008009354       0x7c Middlewares/Third_Party/FreeRTOS/Source/portable/GCC/ARM_CM4F/port.o
                0x0000000008009354                vPortValidateInterruptPriority
 .text.pvPortMalloc
                0x00000000080093d0      0x184 Middlewares/Third_Party/FreeRTOS/Source/portable/MemMang/heap_4.o
                0x00000000080093d0                pvPortMalloc
 .text.vPortFree
                0x0000000008009554       0xb0 Middlewares/Third_Party/FreeRTOS/Source/portable/MemMang/heap_4.o
                0x0000000008009554                vPortFree
 .text.prvHeapInit
                0x0000000008009604       0xc4 Middlewares/Third_Party/FreeRTOS/Source/portable/MemMang/heap_4.o
 .text.prvInsertBlockIntoFreeList
                0x00000000080096c8       0xb4 Middlewares/Third_Party/FreeRTOS/Source/portable/MemMang/heap_4.o
 .text.vApplicationGetIdleTaskMemory
                0x000000000800977c       0x34 Src/freertos.o
                0x000000000800977c                vApplicationGetIdleTaskMemory
 .text.main     0x00000000080097b0       0x54 Src/main.o
                0x00000000080097b0                main
 .text.SystemClock_Config
                0x0000000008009804      0x104 Src/main.o
                0x0000000008009804                SystemClock_Config
 .text.MX_I2C1_Init
                0x0000000008009908       0x5c Src/main.o
 .text.MX_I2S3_Init
                0x0000000008009964       0x60 Src/main.o
 .text.MX_SPI1_Init
                0x00000000080099c4       0x6c Src/main.o
 .text.MX_USART2_UART_Init
                0x0000000008009a30       0x54 Src/main.o
 .text.MX_GPIO_Init
                0x0000000008009a84      0x1fc Src/main.o
 .text.led_1    0x0000000008009c80       0x20 Src/main.o
                0x0000000008009c80                led_1
 .text.led_2    0x0000000008009ca0       0x20 Src/main.o
                0x0000000008009ca0                led_2
 .text.led_3    0x0000000008009cc0       0x20 Src/main.o
                0x0000000008009cc0                led_3
 .text.led_4    0x0000000008009ce0       0x20 Src/main.o
                0x0000000008009ce0                led_4
 .text.thread_0
                0x0000000008009d00       0x54 Src/main.o
                0x0000000008009d00                thread_0
 .text.thread_1
                0x0000000008009d54       0x54 Src/main.o
                0x0000000008009d54                thread_1
 .text.thread_2
                0x0000000008009da8       0x80 Src/main.o
                0x0000000008009da8                thread_2
 .text.StartDefaultTask
                0x0000000008009e28       0xa0 Src/main.o
                0x0000000008009e28                StartDefaultTask
 .text.Error_Handler
                0x0000000008009ec8        0xe Src/main.o
                0x0000000008009ec8                Error_Handler
 *fill*         0x0000000008009ed6        0x2 
 .text.HAL_MspInit
                0x0000000008009ed8       0x58 Src/stm32f4xx_hal_msp.o
                0x0000000008009ed8                HAL_MspInit
 .text.HAL_I2C_MspInit
                0x0000000008009f30       0x90 Src/stm32f4xx_hal_msp.o
                0x0000000008009f30                HAL_I2C_MspInit
 .text.HAL_I2S_MspInit
                0x0000000008009fc0       0xd0 Src/stm32f4xx_hal_msp.o
                0x0000000008009fc0                HAL_I2S_MspInit
 .text.HAL_SPI_MspInit
                0x000000000800a090       0x90 Src/stm32f4xx_hal_msp.o
                0x000000000800a090                HAL_SPI_MspInit
 .text.HAL_UART_MspInit
                0x000000000800a120       0x90 Src/stm32f4xx_hal_msp.o
                0x000000000800a120                HAL_UART_MspInit
 .text.NMI_Handler
                0x000000000800a1b0        0xe Src/stm32f4xx_it.o
                0x000000000800a1b0                NMI_Handler
 .text.HardFault_Handler
                0x000000000800a1be        0x6 Src/stm32f4xx_it.o
                0x000000000800a1be                HardFault_Handler
 .text.MemManage_Handler
                0x000000000800a1c4        0x6 Src/stm32f4xx_it.o
                0x000000000800a1c4                MemManage_Handler
 .text.BusFault_Handler
                0x000000000800a1ca        0x6 Src/stm32f4xx_it.o
                0x000000000800a1ca                BusFault_Handler
 .text.UsageFault_Handler
                0x000000000800a1d0        0x6 Src/stm32f4xx_it.o
                0x000000000800a1d0                UsageFault_Handler
 .text.DebugMon_Handler
                0x000000000800a1d6        0xe Src/stm32f4xx_it.o
                0x000000000800a1d6                DebugMon_Handler
 .text.SysTick_Handler
                0x000000000800a1e4       0x1a Src/stm32f4xx_it.o
                0x000000000800a1e4                SysTick_Handler
 *fill*         0x000000000800a1fe        0x2 
 .text.OTG_FS_IRQHandler
                0x000000000800a200       0x14 Src/stm32f4xx_it.o
                0x000000000800a200                OTG_FS_IRQHandler
 .text._sbrk    0x000000000800a214       0x58 Src/sysmem.o
                0x000000000800a214                _sbrk
 .text.SystemInit
                0x000000000800a26c       0x6c Src/system_stm32f4xx.o
                0x000000000800a26c                SystemInit
 .text.MX_USB_HOST_Init
                0x000000000800a2d8       0x4c Src/usb_host.o
                0x000000000800a2d8                MX_USB_HOST_Init
 .text.USBH_UserProcess
                0x000000000800a324       0x5c Src/usb_host.o
 .text.HAL_HCD_MspInit
                0x000000000800a380       0xc4 Src/usbh_conf.o
                0x000000000800a380                HAL_HCD_MspInit
 .text.HAL_HCD_SOF_Callback
                0x000000000800a444       0x1c Src/usbh_conf.o
                0x000000000800a444                HAL_HCD_SOF_Callback
 .text.HAL_HCD_Connect_Callback
                0x000000000800a460       0x1c Src/usbh_conf.o
                0x000000000800a460                HAL_HCD_Connect_Callback
 .text.HAL_HCD_Disconnect_Callback
                0x000000000800a47c       0x1c Src/usbh_conf.o
                0x000000000800a47c                HAL_HCD_Disconnect_Callback
 .text.HAL_HCD_HC_NotifyURBChange_Callback
                0x000000000800a498       0x24 Src/usbh_conf.o
                0x000000000800a498                HAL_HCD_HC_NotifyURBChange_Callback
 .text.HAL_HCD_PortEnabled_Callback
                0x000000000800a4bc       0x1c Src/usbh_conf.o
                0x000000000800a4bc                HAL_HCD_PortEnabled_Callback
 .text.HAL_HCD_PortDisabled_Callback
                0x000000000800a4d8       0x1c Src/usbh_conf.o
                0x000000000800a4d8                HAL_HCD_PortDisabled_Callback
 .text.USBH_LL_Init
                0x000000000800a4f4       0x78 Src/usbh_conf.o
                0x000000000800a4f4                USBH_LL_Init
 .text.USBH_LL_Start
                0x000000000800a56c       0x36 Src/usbh_conf.o
                0x000000000800a56c                USBH_LL_Start
 .text.USBH_LL_Stop
                0x000000000800a5a2       0x36 Src/usbh_conf.o
                0x000000000800a5a2                USBH_LL_Stop
 .text.USBH_LL_GetSpeed
                0x000000000800a5d8       0x4a Src/usbh_conf.o
                0x000000000800a5d8                USBH_LL_GetSpeed
 .text.USBH_LL_ResetPort
                0x000000000800a622       0x36 Src/usbh_conf.o
                0x000000000800a622                USBH_LL_ResetPort
 .text.USBH_LL_GetLastXferSize
                0x000000000800a658       0x26 Src/usbh_conf.o
                0x000000000800a658                USBH_LL_GetLastXferSize
 .text.USBH_LL_OpenPipe
                0x000000000800a67e       0x5e Src/usbh_conf.o
                0x000000000800a67e                USBH_LL_OpenPipe
 .text.USBH_LL_ClosePipe
                0x000000000800a6dc       0x3e Src/usbh_conf.o
                0x000000000800a6dc                USBH_LL_ClosePipe
 .text.USBH_LL_SubmitURB
                0x000000000800a71a       0x62 Src/usbh_conf.o
                0x000000000800a71a                USBH_LL_SubmitURB
 .text.USBH_LL_GetURBState
                0x000000000800a77c       0x26 Src/usbh_conf.o
                0x000000000800a77c                USBH_LL_GetURBState
 .text.USBH_LL_DriverVBUS
                0x000000000800a7a2       0x2e Src/usbh_conf.o
                0x000000000800a7a2                USBH_LL_DriverVBUS
 .text.USBH_LL_SetToggle
                0x000000000800a7d0       0x66 Src/usbh_conf.o
                0x000000000800a7d0                USBH_LL_SetToggle
 .text.USBH_Delay
                0x000000000800a836       0x16 Src/usbh_conf.o
                0x000000000800a836                USBH_Delay
 .text.USBH_Get_USB_Status
                0x000000000800a84c       0x58 Src/usbh_conf.o
                0x000000000800a84c                USBH_Get_USB_Status
 .text.MX_DriverVbusFS
                0x000000000800a8a4       0x38 Src/usbh_platform.o
                0x000000000800a8a4                MX_DriverVbusFS
 .text.Reset_Handler
                0x000000000800a8dc       0x50 Startup/startup_stm32f407vgtx.o
                0x000000000800a8dc                Reset_Handler
 .text.Default_Handler
                0x000000000800a92c        0x2 Startup/startup_stm32f407vgtx.o
                0x000000000800a92c                RTC_Alarm_IRQHandler
                0x000000000800a92c                HASH_RNG_IRQHandler
                0x000000000800a92c                EXTI2_IRQHandler
                0x000000000800a92c                TIM8_CC_IRQHandler
                0x000000000800a92c                TIM1_CC_IRQHandler
                0x000000000800a92c                DMA2_Stream5_IRQHandler
                0x000000000800a92c                DMA1_Stream5_IRQHandler
                0x000000000800a92c                PVD_IRQHandler
                0x000000000800a92c                SDIO_IRQHandler
                0x000000000800a92c                TAMP_STAMP_IRQHandler
                0x000000000800a92c                CAN2_RX1_IRQHandler
                0x000000000800a92c                EXTI3_IRQHandler
                0x000000000800a92c                TIM8_TRG_COM_TIM14_IRQHandler
                0x000000000800a92c                TIM1_UP_TIM10_IRQHandler
                0x000000000800a92c                TIM8_UP_TIM13_IRQHandler
                0x000000000800a92c                I2C3_ER_IRQHandler
                0x000000000800a92c                EXTI0_IRQHandler
                0x000000000800a92c                I2C2_EV_IRQHandler
                0x000000000800a92c                DMA1_Stream2_IRQHandler
                0x000000000800a92c                CAN1_RX0_IRQHandler
                0x000000000800a92c                FPU_IRQHandler
                0x000000000800a92c                OTG_HS_WKUP_IRQHandler
                0x000000000800a92c                CAN2_SCE_IRQHandler
                0x000000000800a92c                DMA2_Stream2_IRQHandler
                0x000000000800a92c                SPI1_IRQHandler
                0x000000000800a92c                TIM6_DAC_IRQHandler
                0x000000000800a92c                TIM1_BRK_TIM9_IRQHandler
                0x000000000800a92c                DCMI_IRQHandler
                0x000000000800a92c                CAN2_RX0_IRQHandler
                0x000000000800a92c                DMA2_Stream3_IRQHandler
                0x000000000800a92c                USART6_IRQHandler
                0x000000000800a92c                USART3_IRQHandler
                0x000000000800a92c                CAN1_RX1_IRQHandler
                0x000000000800a92c                UART5_IRQHandler
                0x000000000800a92c                DMA2_Stream0_IRQHandler
                0x000000000800a92c                TIM4_IRQHandler
                0x000000000800a92c                I2C1_EV_IRQHandler
                0x000000000800a92c                DMA1_Stream6_IRQHandler
                0x000000000800a92c                DMA1_Stream1_IRQHandler
                0x000000000800a92c                UART4_IRQHandler
                0x000000000800a92c                TIM3_IRQHandler
                0x000000000800a92c                RCC_IRQHandler
                0x000000000800a92c                TIM8_BRK_TIM12_IRQHandler
                0x000000000800a92c                Default_Handler
                0x000000000800a92c                EXTI15_10_IRQHandler
                0x000000000800a92c                ADC_IRQHandler
                0x000000000800a92c                DMA1_Stream7_IRQHandler
                0x000000000800a92c                TIM7_IRQHandler
                0x000000000800a92c                CAN2_TX_IRQHandler
                0x000000000800a92c                TIM5_IRQHandler
                0x000000000800a92c                DMA2_Stream7_IRQHandler
                0x000000000800a92c                I2C3_EV_IRQHandler
                0x000000000800a92c                EXTI9_5_IRQHandler
                0x000000000800a92c                RTC_WKUP_IRQHandler
                0x000000000800a92c                ETH_WKUP_IRQHandler
                0x000000000800a92c                SPI2_IRQHandler
                0x000000000800a92c                OTG_HS_EP1_IN_IRQHandler
                0x000000000800a92c                DMA1_Stream0_IRQHandler
                0x000000000800a92c                CAN1_TX_IRQHandler
                0x000000000800a92c                EXTI4_IRQHandler
                0x000000000800a92c                FSMC_IRQHandler
                0x000000000800a92c                ETH_IRQHandler
                0x000000000800a92c                OTG_HS_EP1_OUT_IRQHandler
                0x000000000800a92c                WWDG_IRQHandler
                0x000000000800a92c                TIM2_IRQHandler
                0x000000000800a92c                OTG_FS_WKUP_IRQHandler
                0x000000000800a92c                TIM1_TRG_COM_TIM11_IRQHandler
                0x000000000800a92c                OTG_HS_IRQHandler
                0x000000000800a92c                EXTI1_IRQHandler
                0x000000000800a92c                USART2_IRQHandler
                0x000000000800a92c                I2C2_ER_IRQHandler
                0x000000000800a92c                DMA2_Stream1_IRQHandler
                0x000000000800a92c                CAN1_SCE_IRQHandler
                0x000000000800a92c                FLASH_IRQHandler
                0x000000000800a92c                DMA2_Stream4_IRQHandler
                0x000000000800a92c                USART1_IRQHandler
                0x000000000800a92c                SPI3_IRQHandler
                0x000000000800a92c                DMA1_Stream4_IRQHandler
                0x000000000800a92c                I2C1_ER_IRQHandler
                0x000000000800a92c                DMA2_Stream6_IRQHandler
                0x000000000800a92c                DMA1_Stream3_IRQHandler
 *fill*         0x000000000800a92e        0x2 
 .text.__errno  0x000000000800a930        0xc c:/st/stm32cubeide_1.0.2/stm32cubeide/plugins/com.st.stm32cube.ide.mcu.externaltools.gnu-tools-for-stm32.7-2018-q2-update.win32_1.0.0.201904181610/tools/bin/../lib/gcc/arm-none-eabi/7.3.1/../../../../arm-none-eabi/lib/thumb/v7e-m/fpv4-sp/hard\libc_nano.a(lib_a-errno.o)
                0x000000000800a930                __errno
 .text.__libc_init_array
                0x000000000800a93c       0x48 c:/st/stm32cubeide_1.0.2/stm32cubeide/plugins/com.st.stm32cube.ide.mcu.externaltools.gnu-tools-for-stm32.7-2018-q2-update.win32_1.0.0.201904181610/tools/bin/../lib/gcc/arm-none-eabi/7.3.1/../../../../arm-none-eabi/lib/thumb/v7e-m/fpv4-sp/hard\libc_nano.a(lib_a-init.o)
                0x000000000800a93c                __libc_init_array
 .text.malloc   0x000000000800a984       0x10 c:/st/stm32cubeide_1.0.2/stm32cubeide/plugins/com.st.stm32cube.ide.mcu.externaltools.gnu-tools-for-stm32.7-2018-q2-update.win32_1.0.0.201904181610/tools/bin/../lib/gcc/arm-none-eabi/7.3.1/../../../../arm-none-eabi/lib/thumb/v7e-m/fpv4-sp/hard\libc_nano.a(lib_a-malloc.o)
                0x000000000800a984                malloc
 .text.free     0x000000000800a994       0x10 c:/st/stm32cubeide_1.0.2/stm32cubeide/plugins/com.st.stm32cube.ide.mcu.externaltools.gnu-tools-for-stm32.7-2018-q2-update.win32_1.0.0.201904181610/tools/bin/../lib/gcc/arm-none-eabi/7.3.1/../../../../arm-none-eabi/lib/thumb/v7e-m/fpv4-sp/hard\libc_nano.a(lib_a-malloc.o)
                0x000000000800a994                free
 .text.memcpy   0x000000000800a9a4       0x16 c:/st/stm32cubeide_1.0.2/stm32cubeide/plugins/com.st.stm32cube.ide.mcu.externaltools.gnu-tools-for-stm32.7-2018-q2-update.win32_1.0.0.201904181610/tools/bin/../lib/gcc/arm-none-eabi/7.3.1/../../../../arm-none-eabi/lib/thumb/v7e-m/fpv4-sp/hard\libc_nano.a(lib_a-memcpy-stub.o)
                0x000000000800a9a4                memcpy
 .text.memset   0x000000000800a9ba       0x10 c:/st/stm32cubeide_1.0.2/stm32cubeide/plugins/com.st.stm32cube.ide.mcu.externaltools.gnu-tools-for-stm32.7-2018-q2-update.win32_1.0.0.201904181610/tools/bin/../lib/gcc/arm-none-eabi/7.3.1/../../../../arm-none-eabi/lib/thumb/v7e-m/fpv4-sp/hard\libc_nano.a(lib_a-memset.o)
                0x000000000800a9ba                memset
 *fill*         0x000000000800a9ca        0x2 
 .text._free_r  0x000000000800a9cc       0x9c c:/st/stm32cubeide_1.0.2/stm32cubeide/plugins/com.st.stm32cube.ide.mcu.externaltools.gnu-tools-for-stm32.7-2018-q2-update.win32_1.0.0.201904181610/tools/bin/../lib/gcc/arm-none-eabi/7.3.1/../../../../arm-none-eabi/lib/thumb/v7e-m/fpv4-sp/hard\libc_nano.a(lib_a-nano-freer.o)
                0x000000000800a9cc                _free_r
 .text._malloc_r
                0x000000000800aa68       0xb4 c:/st/stm32cubeide_1.0.2/stm32cubeide/plugins/com.st.stm32cube.ide.mcu.externaltools.gnu-tools-for-stm32.7-2018-q2-update.win32_1.0.0.201904181610/tools/bin/../lib/gcc/arm-none-eabi/7.3.1/../../../../arm-none-eabi/lib/thumb/v7e-m/fpv4-sp/hard\libc_nano.a(lib_a-nano-mallocr.o)
                0x000000000800aa68                _malloc_r
 .text._sbrk_r  0x000000000800ab1c       0x20 c:/st/stm32cubeide_1.0.2/stm32cubeide/plugins/com.st.stm32cube.ide.mcu.externaltools.gnu-tools-for-stm32.7-2018-q2-update.win32_1.0.0.201904181610/tools/bin/../lib/gcc/arm-none-eabi/7.3.1/../../../../arm-none-eabi/lib/thumb/v7e-m/fpv4-sp/hard\libc_nano.a(lib_a-sbrkr.o)
                0x000000000800ab1c                _sbrk_r
 .text.sprintf  0x000000000800ab3c       0x40 c:/st/stm32cubeide_1.0.2/stm32cubeide/plugins/com.st.stm32cube.ide.mcu.externaltools.gnu-tools-for-stm32.7-2018-q2-update.win32_1.0.0.201904181610/tools/bin/../lib/gcc/arm-none-eabi/7.3.1/../../../../arm-none-eabi/lib/thumb/v7e-m/fpv4-sp/hard\libc_nano.a(lib_a-sprintf.o)
                0x000000000800ab3c                siprintf
                0x000000000800ab3c                sprintf
 .text.__malloc_lock
                0x000000000800ab7c        0x2 c:/st/stm32cubeide_1.0.2/stm32cubeide/plugins/com.st.stm32cube.ide.mcu.externaltools.gnu-tools-for-stm32.7-2018-q2-update.win32_1.0.0.201904181610/tools/bin/../lib/gcc/arm-none-eabi/7.3.1/../../../../arm-none-eabi/lib/thumb/v7e-m/fpv4-sp/hard\libc_nano.a(lib_a-mlock.o)
                0x000000000800ab7c                __malloc_lock
 .text.__malloc_unlock
                0x000000000800ab7e        0x2 c:/st/stm32cubeide_1.0.2/stm32cubeide/plugins/com.st.stm32cube.ide.mcu.externaltools.gnu-tools-for-stm32.7-2018-q2-update.win32_1.0.0.201904181610/tools/bin/../lib/gcc/arm-none-eabi/7.3.1/../../../../arm-none-eabi/lib/thumb/v7e-m/fpv4-sp/hard\libc_nano.a(lib_a-mlock.o)
                0x000000000800ab7e                __malloc_unlock
 .text.__ssputs_r
                0x000000000800ab80       0xb4 c:/st/stm32cubeide_1.0.2/stm32cubeide/plugins/com.st.stm32cube.ide.mcu.externaltools.gnu-tools-for-stm32.7-2018-q2-update.win32_1.0.0.201904181610/tools/bin/../lib/gcc/arm-none-eabi/7.3.1/../../../../arm-none-eabi/lib/thumb/v7e-m/fpv4-sp/hard\libc_nano.a(lib_a-nano-svfprintf.o)
                0x000000000800ab80                __ssputs_r
 .text._svfprintf_r
                0x000000000800ac34      0x1f0 c:/st/stm32cubeide_1.0.2/stm32cubeide/plugins/com.st.stm32cube.ide.mcu.externaltools.gnu-tools-for-stm32.7-2018-q2-update.win32_1.0.0.201904181610/tools/bin/../lib/gcc/arm-none-eabi/7.3.1/../../../../arm-none-eabi/lib/thumb/v7e-m/fpv4-sp/hard\libc_nano.a(lib_a-nano-svfprintf.o)
                0x000000000800ac34                _svfiprintf_r
                0x000000000800ac34                _svfprintf_r
 .text._printf_common
                0x000000000800ae24       0xea c:/st/stm32cubeide_1.0.2/stm32cubeide/plugins/com.st.stm32cube.ide.mcu.externaltools.gnu-tools-for-stm32.7-2018-q2-update.win32_1.0.0.201904181610/tools/bin/../lib/gcc/arm-none-eabi/7.3.1/../../../../arm-none-eabi/lib/thumb/v7e-m/fpv4-sp/hard\libc_nano.a(lib_a-nano-vfprintf_i.o)
                0x000000000800ae24                _printf_common
 *fill*         0x000000000800af0e        0x2 
 .text._printf_i
                0x000000000800af10      0x224 c:/st/stm32cubeide_1.0.2/stm32cubeide/plugins/com.st.stm32cube.ide.mcu.externaltools.gnu-tools-for-stm32.7-2018-q2-update.win32_1.0.0.201904181610/tools/bin/../lib/gcc/arm-none-eabi/7.3.1/../../../../arm-none-eabi/lib/thumb/v7e-m/fpv4-sp/hard\libc_nano.a(lib_a-nano-vfprintf_i.o)
                0x000000000800af10                _printf_i
 .text.memmove  0x000000000800b134       0x32 c:/st/stm32cubeide_1.0.2/stm32cubeide/plugins/com.st.stm32cube.ide.mcu.externaltools.gnu-tools-for-stm32.7-2018-q2-update.win32_1.0.0.201904181610/tools/bin/../lib/gcc/arm-none-eabi/7.3.1/../../../../arm-none-eabi/lib/thumb/v7e-m/fpv4-sp/hard\libc_nano.a(lib_a-memmove.o)
                0x000000000800b134                memmove
 .text._realloc_r
                0x000000000800b166       0x4c c:/st/stm32cubeide_1.0.2/stm32cubeide/plugins/com.st.stm32cube.ide.mcu.externaltools.gnu-tools-for-stm32.7-2018-q2-update.win32_1.0.0.201904181610/tools/bin/../lib/gcc/arm-none-eabi/7.3.1/../../../../arm-none-eabi/lib/thumb/v7e-m/fpv4-sp/hard\libc_nano.a(lib_a-nano-reallocr.o)
                0x000000000800b166                _realloc_r
 .text._malloc_usable_size_r
                0x000000000800b1b2       0x10 c:/st/stm32cubeide_1.0.2/stm32cubeide/plugins/com.st.stm32cube.ide.mcu.externaltools.gnu-tools-for-stm32.7-2018-q2-update.win32_1.0.0.201904181610/tools/bin/../lib/gcc/arm-none-eabi/7.3.1/../../../../arm-none-eabi/lib/thumb/v7e-m/fpv4-sp/hard\libc_nano.a(lib_a-nano-msizer.o)
                0x000000000800b1b2                _malloc_usable_size_r
 *(.glue_7)
 .glue_7        0x000000000800b1c2        0x0 linker stubs
 *(.glue_7t)
 .glue_7t       0x000000000800b1c2        0x0 linker stubs
 *(.eh_frame)
 *fill*         0x000000000800b1c2        0x2 
 .eh_frame      0x000000000800b1c4        0x0 c:/st/stm32cubeide_1.0.2/stm32cubeide/plugins/com.st.stm32cube.ide.mcu.externaltools.gnu-tools-for-stm32.7-2018-q2-update.win32_1.0.0.201904181610/tools/bin/../lib/gcc/arm-none-eabi/7.3.1/thumb/v7e-m/fpv4-sp/hard/crtbegin.o
 *(.init)
 .init          0x000000000800b1c4        0x4 c:/st/stm32cubeide_1.0.2/stm32cubeide/plugins/com.st.stm32cube.ide.mcu.externaltools.gnu-tools-for-stm32.7-2018-q2-update.win32_1.0.0.201904181610/tools/bin/../lib/gcc/arm-none-eabi/7.3.1/thumb/v7e-m/fpv4-sp/hard/crti.o
                0x000000000800b1c4                _init
 .init          0x000000000800b1c8        0x8 c:/st/stm32cubeide_1.0.2/stm32cubeide/plugins/com.st.stm32cube.ide.mcu.externaltools.gnu-tools-for-stm32.7-2018-q2-update.win32_1.0.0.201904181610/tools/bin/../lib/gcc/arm-none-eabi/7.3.1/thumb/v7e-m/fpv4-sp/hard/crtn.o
 *(.fini)
 .fini          0x000000000800b1d0        0x4 c:/st/stm32cubeide_1.0.2/stm32cubeide/plugins/com.st.stm32cube.ide.mcu.externaltools.gnu-tools-for-stm32.7-2018-q2-update.win32_1.0.0.201904181610/tools/bin/../lib/gcc/arm-none-eabi/7.3.1/thumb/v7e-m/fpv4-sp/hard/crti.o
                0x000000000800b1d0                _fini
 .fini          0x000000000800b1d4        0x8 c:/st/stm32cubeide_1.0.2/stm32cubeide/plugins/com.st.stm32cube.ide.mcu.externaltools.gnu-tools-for-stm32.7-2018-q2-update.win32_1.0.0.201904181610/tools/bin/../lib/gcc/arm-none-eabi/7.3.1/thumb/v7e-m/fpv4-sp/hard/crtn.o
                0x000000000800b1dc                . = ALIGN (0x4)
                0x000000000800b1dc                _etext = .

.vfp11_veneer   0x000000000800b1dc        0x0
 .vfp11_veneer  0x000000000800b1dc        0x0 linker stubs

.v4_bx          0x000000000800b1dc        0x0
 .v4_bx         0x000000000800b1dc        0x0 linker stubs

.iplt           0x000000000800b1dc        0x0
 .iplt          0x000000000800b1dc        0x0 c:/st/stm32cubeide_1.0.2/stm32cubeide/plugins/com.st.stm32cube.ide.mcu.externaltools.gnu-tools-for-stm32.7-2018-q2-update.win32_1.0.0.201904181610/tools/bin/../lib/gcc/arm-none-eabi/7.3.1/thumb/v7e-m/fpv4-sp/hard/crtbegin.o

.rodata         0x000000000800b1dc      0x1e0
                0x000000000800b1dc                . = ALIGN (0x4)
 *(.rodata)
 .rodata        0x000000000800b1dc        0x4 Middlewares/ST/STM32_USB_Host_Library/Class/CDC/Src/usbh_cdc.o
 .rodata        0x000000000800b1e0       0x38 Middlewares/ST/STM32_USB_Host_Library/Core/Src/usbh_core.o
 .rodata        0x000000000800b218        0x5 Middlewares/Third_Party/FreeRTOS/Source/tasks.o
 *fill*         0x000000000800b21d        0x3 
 .rodata        0x000000000800b220       0x70 Src/main.o
 *(.rodata*)
 .rodata.os_pool_def_mpool
                0x000000000800b290        0xc Src/main.o
                0x000000000800b290                os_pool_def_mpool
 .rodata.os_messageQ_def_QueQ
                0x000000000800b29c       0x10 Src/main.o
                0x000000000800b29c                os_messageQ_def_QueQ
 .rodata.os_thread_def_led1
                0x000000000800b2ac       0x1c Src/main.o
                0x000000000800b2ac                os_thread_def_led1
 .rodata.os_thread_def_led2
                0x000000000800b2c8       0x1c Src/main.o
                0x000000000800b2c8                os_thread_def_led2
 .rodata.os_thread_def_led3
                0x000000000800b2e4       0x1c Src/main.o
                0x000000000800b2e4                os_thread_def_led3
 .rodata.os_thread_def_led4
                0x000000000800b300       0x1c Src/main.o
                0x000000000800b300                os_thread_def_led4
 .rodata.os_thread_def_thread0
                0x000000000800b31c       0x1c Src/main.o
                0x000000000800b31c                os_thread_def_thread0
 .rodata.os_thread_def_thread1
                0x000000000800b338       0x1c Src/main.o
                0x000000000800b338                os_thread_def_thread1
 .rodata.os_thread_def_thread2
                0x000000000800b354       0x1c Src/main.o
                0x000000000800b354                os_thread_def_thread2
 .rodata.AHBPrescTable
                0x000000000800b370       0x10 Src/system_stm32f4xx.o
                0x000000000800b370                AHBPrescTable
 .rodata.APBPrescTable
                0x000000000800b380        0x8 Src/system_stm32f4xx.o
                0x000000000800b380                APBPrescTable
 .rodata._svfprintf_r.str1.1
                0x000000000800b388       0x11 c:/st/stm32cubeide_1.0.2/stm32cubeide/plugins/com.st.stm32cube.ide.mcu.externaltools.gnu-tools-for-stm32.7-2018-q2-update.win32_1.0.0.201904181610/tools/bin/../lib/gcc/arm-none-eabi/7.3.1/../../../../arm-none-eabi/lib/thumb/v7e-m/fpv4-sp/hard\libc_nano.a(lib_a-nano-svfprintf.o)
 .rodata._printf_i.str1.1
                0x000000000800b399       0x22 c:/st/stm32cubeide_1.0.2/stm32cubeide/plugins/com.st.stm32cube.ide.mcu.externaltools.gnu-tools-for-stm32.7-2018-q2-update.win32_1.0.0.201904181610/tools/bin/../lib/gcc/arm-none-eabi/7.3.1/../../../../arm-none-eabi/lib/thumb/v7e-m/fpv4-sp/hard\libc_nano.a(lib_a-nano-vfprintf_i.o)
                0x000000000800b3bc                . = ALIGN (0x4)
 *fill*         0x000000000800b3bb        0x1 

.ARM.extab      0x000000000800b3bc        0x0
                0x000000000800b3bc                . = ALIGN (0x4)
 *(.ARM.extab* .gnu.linkonce.armextab.*)
                0x000000000800b3bc                . = ALIGN (0x4)

.ARM            0x000000000800b3bc        0x8
                0x000000000800b3bc                . = ALIGN (0x4)
                0x000000000800b3bc                __exidx_start = .
 *(.ARM.exidx*)
 .ARM.exidx     0x000000000800b3bc        0x8 c:/st/stm32cubeide_1.0.2/stm32cubeide/plugins/com.st.stm32cube.ide.mcu.externaltools.gnu-tools-for-stm32.7-2018-q2-update.win32_1.0.0.201904181610/tools/bin/../lib/gcc/arm-none-eabi/7.3.1/thumb/v7e-m/fpv4-sp/hard\libgcc.a(_udivmoddi4.o)
                0x000000000800b3c4                __exidx_end = .
                0x000000000800b3c4                . = ALIGN (0x4)

.rel.dyn        0x000000000800b3c4        0x0
 .rel.iplt      0x000000000800b3c4        0x0 c:/st/stm32cubeide_1.0.2/stm32cubeide/plugins/com.st.stm32cube.ide.mcu.externaltools.gnu-tools-for-stm32.7-2018-q2-update.win32_1.0.0.201904181610/tools/bin/../lib/gcc/arm-none-eabi/7.3.1/thumb/v7e-m/fpv4-sp/hard/crtbegin.o

.preinit_array  0x000000000800b3c4        0x0
                0x000000000800b3c4                . = ALIGN (0x4)
                0x000000000800b3c4                PROVIDE (__preinit_array_start = .)
 *(.preinit_array*)
                0x000000000800b3c4                PROVIDE (__preinit_array_end = .)
                0x000000000800b3c4                . = ALIGN (0x4)

.init_array     0x000000000800b3c4        0x4
                0x000000000800b3c4                . = ALIGN (0x4)
                0x000000000800b3c4                PROVIDE (__init_array_start = .)
 *(SORT_BY_NAME(.init_array.*))
 *(.init_array*)
 .init_array    0x000000000800b3c4        0x4 c:/st/stm32cubeide_1.0.2/stm32cubeide/plugins/com.st.stm32cube.ide.mcu.externaltools.gnu-tools-for-stm32.7-2018-q2-update.win32_1.0.0.201904181610/tools/bin/../lib/gcc/arm-none-eabi/7.3.1/thumb/v7e-m/fpv4-sp/hard/crtbegin.o
                0x000000000800b3c8                PROVIDE (__init_array_end = .)
                0x000000000800b3c8                . = ALIGN (0x4)

.fini_array     0x000000000800b3c8        0x4
                0x000000000800b3c8                . = ALIGN (0x4)
                [!provide]                        PROVIDE (__fini_array_start = .)
 *(SORT_BY_NAME(.fini_array.*))
 *(.fini_array*)
 .fini_array    0x000000000800b3c8        0x4 c:/st/stm32cubeide_1.0.2/stm32cubeide/plugins/com.st.stm32cube.ide.mcu.externaltools.gnu-tools-for-stm32.7-2018-q2-update.win32_1.0.0.201904181610/tools/bin/../lib/gcc/arm-none-eabi/7.3.1/thumb/v7e-m/fpv4-sp/hard/crtbegin.o
                [!provide]                        PROVIDE (__fini_array_end = .)
                0x000000000800b3cc                . = ALIGN (0x4)
                0x000000000800b3cc                _sidata = LOADADDR (.data)

.data           0x0000000020000000       0x94 load address 0x000000000800b3cc
                0x0000000020000000                . = ALIGN (0x4)
                0x0000000020000000                _sdata = .
 *(.data)
 *(.data*)
 .data.uwTickPrio
                0x0000000020000000        0x4 Drivers/STM32F4xx_HAL_Driver/Src/stm32f4xx_hal.o
                0x0000000020000000                uwTickPrio
 .data.uwTickFreq
                0x0000000020000004        0x1 Drivers/STM32F4xx_HAL_Driver/Src/stm32f4xx_hal.o
                0x0000000020000004                uwTickFreq
 *fill*         0x0000000020000005        0x3 
 .data.CDC_Class
                0x0000000020000008       0x20 Middlewares/ST/STM32_USB_Host_Library/Class/CDC/Src/usbh_cdc.o
                0x0000000020000008                CDC_Class
 .data.uxCriticalNesting
                0x0000000020000028        0x4 Middlewares/Third_Party/FreeRTOS/Source/portable/GCC/ARM_CM4F/port.o
 .data.SystemCoreClock
                0x000000002000002c        0x4 Src/system_stm32f4xx.o
                0x000000002000002c                SystemCoreClock
 .data._impure_ptr
                0x0000000020000030        0x4 c:/st/stm32cubeide_1.0.2/stm32cubeide/plugins/com.st.stm32cube.ide.mcu.externaltools.gnu-tools-for-stm32.7-2018-q2-update.win32_1.0.0.201904181610/tools/bin/../lib/gcc/arm-none-eabi/7.3.1/../../../../arm-none-eabi/lib/thumb/v7e-m/fpv4-sp/hard\libc_nano.a(lib_a-impure.o)
                0x0000000020000030                _impure_ptr
 .data.impure_data
                0x0000000020000034       0x60 c:/st/stm32cubeide_1.0.2/stm32cubeide/plugins/com.st.stm32cube.ide.mcu.externaltools.gnu-tools-for-stm32.7-2018-q2-update.win32_1.0.0.201904181610/tools/bin/../lib/gcc/arm-none-eabi/7.3.1/../../../../arm-none-eabi/lib/thumb/v7e-m/fpv4-sp/hard\libc_nano.a(lib_a-impure.o)
                0x0000000020000094                . = ALIGN (0x4)
                0x0000000020000094                _edata = .

.igot.plt       0x0000000020000094        0x0 load address 0x000000000800b460
 .igot.plt      0x0000000020000094        0x0 c:/st/stm32cubeide_1.0.2/stm32cubeide/plugins/com.st.stm32cube.ide.mcu.externaltools.gnu-tools-for-stm32.7-2018-q2-update.win32_1.0.0.201904181610/tools/bin/../lib/gcc/arm-none-eabi/7.3.1/thumb/v7e-m/fpv4-sp/hard/crtbegin.o
                0x0000000020000094                . = ALIGN (0x4)

.bss            0x0000000020000094     0x47b8 load address 0x000000000800b460
                0x0000000020000094                _sbss = .
                0x0000000020000094                __bss_start__ = _sbss
 *(.bss)
 .bss           0x0000000020000094       0x1c c:/st/stm32cubeide_1.0.2/stm32cubeide/plugins/com.st.stm32cube.ide.mcu.externaltools.gnu-tools-for-stm32.7-2018-q2-update.win32_1.0.0.201904181610/tools/bin/../lib/gcc/arm-none-eabi/7.3.1/thumb/v7e-m/fpv4-sp/hard/crtbegin.o
 *(.bss*)
 .bss.tmpreg.8563
                0x00000000200000b0        0x4 Drivers/STM32F4xx_HAL_Driver/Src/stm32f4xx_ll_usb.o
 .bss.pxCurrentTCB
                0x00000000200000b4        0x4 Middlewares/Third_Party/FreeRTOS/Source/tasks.o
                0x00000000200000b4                pxCurrentTCB
 .bss.pxReadyTasksLists
                0x00000000200000b8       0x8c Middlewares/Third_Party/FreeRTOS/Source/tasks.o
 .bss.xDelayedTaskList1
                0x0000000020000144       0x14 Middlewares/Third_Party/FreeRTOS/Source/tasks.o
 .bss.xDelayedTaskList2
                0x0000000020000158       0x14 Middlewares/Third_Party/FreeRTOS/Source/tasks.o
 .bss.pxDelayedTaskList
                0x000000002000016c        0x4 Middlewares/Third_Party/FreeRTOS/Source/tasks.o
 .bss.pxOverflowDelayedTaskList
                0x0000000020000170        0x4 Middlewares/Third_Party/FreeRTOS/Source/tasks.o
 .bss.xPendingReadyList
                0x0000000020000174       0x14 Middlewares/Third_Party/FreeRTOS/Source/tasks.o
 .bss.xTasksWaitingTermination
                0x0000000020000188       0x14 Middlewares/Third_Party/FreeRTOS/Source/tasks.o
 .bss.uxDeletedTasksWaitingCleanUp
                0x000000002000019c        0x4 Middlewares/Third_Party/FreeRTOS/Source/tasks.o
 .bss.xSuspendedTaskList
                0x00000000200001a0       0x14 Middlewares/Third_Party/FreeRTOS/Source/tasks.o
 .bss.uxCurrentNumberOfTasks
                0x00000000200001b4        0x4 Middlewares/Third_Party/FreeRTOS/Source/tasks.o
 .bss.xTickCount
                0x00000000200001b8        0x4 Middlewares/Third_Party/FreeRTOS/Source/tasks.o
 .bss.uxTopReadyPriority
                0x00000000200001bc        0x4 Middlewares/Third_Party/FreeRTOS/Source/tasks.o
 .bss.xSchedulerRunning
                0x00000000200001c0        0x4 Middlewares/Third_Party/FreeRTOS/Source/tasks.o
 .bss.uxPendedTicks
                0x00000000200001c4        0x4 Middlewares/Third_Party/FreeRTOS/Source/tasks.o
 .bss.xYieldPending
                0x00000000200001c8        0x4 Middlewares/Third_Party/FreeRTOS/Source/tasks.o
 .bss.xNumOfOverflows
                0x00000000200001cc        0x4 Middlewares/Third_Party/FreeRTOS/Source/tasks.o
 .bss.uxTaskNumber
                0x00000000200001d0        0x4 Middlewares/Third_Party/FreeRTOS/Source/tasks.o
 .bss.xNextTaskUnblockTime
                0x00000000200001d4        0x4 Middlewares/Third_Party/FreeRTOS/Source/tasks.o
 .bss.xIdleTaskHandle
                0x00000000200001d8        0x4 Middlewares/Third_Party/FreeRTOS/Source/tasks.o
 .bss.uxSchedulerSuspended
                0x00000000200001dc        0x4 Middlewares/Third_Party/FreeRTOS/Source/tasks.o
 .bss.ucMaxSysCallPriority
                0x00000000200001e0        0x1 Middlewares/Third_Party/FreeRTOS/Source/portable/GCC/ARM_CM4F/port.o
 *fill*         0x00000000200001e1        0x3 
 .bss.ulMaxPRIGROUPValue
                0x00000000200001e4        0x4 Middlewares/Third_Party/FreeRTOS/Source/portable/GCC/ARM_CM4F/port.o
 .bss.ucHeap    0x00000000200001e8     0x3c00 Middlewares/Third_Party/FreeRTOS/Source/portable/MemMang/heap_4.o
 .bss.xStart    0x0000000020003de8        0x8 Middlewares/Third_Party/FreeRTOS/Source/portable/MemMang/heap_4.o
 .bss.pxEnd     0x0000000020003df0        0x4 Middlewares/Third_Party/FreeRTOS/Source/portable/MemMang/heap_4.o
 .bss.xFreeBytesRemaining
                0x0000000020003df4        0x4 Middlewares/Third_Party/FreeRTOS/Source/portable/MemMang/heap_4.o
 .bss.xMinimumEverFreeBytesRemaining
                0x0000000020003df8        0x4 Middlewares/Third_Party/FreeRTOS/Source/portable/MemMang/heap_4.o
 .bss.xBlockAllocatedBit
                0x0000000020003dfc        0x4 Middlewares/Third_Party/FreeRTOS/Source/portable/MemMang/heap_4.o
 .bss.xIdleTaskTCBBuffer
                0x0000000020003e00       0x54 Src/freertos.o
 .bss.xIdleStack
                0x0000000020003e54      0x200 Src/freertos.o
 .bss.heap_end.6424
                0x0000000020004054        0x4 Src/sysmem.o
 .bss.Appli_state
                0x0000000020004058        0x1 Src/usb_host.o
                0x0000000020004058                Appli_state
 *fill*         0x0000000020004059        0x3 
 .bss.__malloc_free_list
                0x000000002000405c        0x4 c:/st/stm32cubeide_1.0.2/stm32cubeide/plugins/com.st.stm32cube.ide.mcu.externaltools.gnu-tools-for-stm32.7-2018-q2-update.win32_1.0.0.201904181610/tools/bin/../lib/gcc/arm-none-eabi/7.3.1/../../../../arm-none-eabi/lib/thumb/v7e-m/fpv4-sp/hard\libc_nano.a(lib_a-nano-mallocr.o)
                0x000000002000405c                __malloc_free_list
 .bss.__malloc_sbrk_start
                0x0000000020004060        0x4 c:/st/stm32cubeide_1.0.2/stm32cubeide/plugins/com.st.stm32cube.ide.mcu.externaltools.gnu-tools-for-stm32.7-2018-q2-update.win32_1.0.0.201904181610/tools/bin/../lib/gcc/arm-none-eabi/7.3.1/../../../../arm-none-eabi/lib/thumb/v7e-m/fpv4-sp/hard\libc_nano.a(lib_a-nano-mallocr.o)
                0x0000000020004060                __malloc_sbrk_start
 *(COMMON)
 COMMON         0x0000000020004064        0x4 Drivers/STM32F4xx_HAL_Driver/Src/stm32f4xx_hal.o
                0x0000000020004064                uwTick
 COMMON         0x0000000020004068      0x144 Src/main.o
                0x0000000020004068                defaultTaskHandle
                0x000000002000406c                hi2c1
                0x00000000200040c0                QueQHandle
                0x00000000200040c4                mpool
                0x00000000200040c8                QueQ
                0x00000000200040cc                hspi1
                0x0000000020004124                huart2
                0x0000000020004164                hi2s3
 COMMON         0x00000000200041ac      0x3d8 Src/usb_host.o
                0x00000000200041ac                hUsbHostFS
 COMMON         0x0000000020004584      0x2c4 Src/usbh_conf.o
                0x0000000020004584                hhcd_USB_OTG_FS
 COMMON         0x0000000020004848        0x4 c:/st/stm32cubeide_1.0.2/stm32cubeide/plugins/com.st.stm32cube.ide.mcu.externaltools.gnu-tools-for-stm32.7-2018-q2-update.win32_1.0.0.201904181610/tools/bin/../lib/gcc/arm-none-eabi/7.3.1/../../../../arm-none-eabi/lib/thumb/v7e-m/fpv4-sp/hard\libc_nano.a(lib_a-reent.o)
                0x0000000020004848                errno
                0x000000002000484c                . = ALIGN (0x4)
                0x000000002000484c                _ebss = .
                0x000000002000484c                __bss_end__ = _ebss

._user_heap_stack
                0x000000002000484c      0x604 load address 0x000000000800b460
                0x0000000020004850                . = ALIGN (0x8)
 *fill*         0x000000002000484c        0x4 
                0x0000000020004850                PROVIDE (end = .)
                [!provide]                        PROVIDE (_end = .)
                0x0000000020004a50                . = (. + _Min_Heap_Size)
 *fill*         0x0000000020004850      0x200 
                0x0000000020004e50                . = (. + _Min_Stack_Size)
 *fill*         0x0000000020004a50      0x400 
                0x0000000020004e50                . = ALIGN (0x8)

/DISCARD/
 libc.a(*)
 libm.a(*)
 libgcc.a(*)

.ARM.attributes
                0x0000000000000000       0x30
 *(.ARM.attributes)
 .ARM.attributes
                0x0000000000000000       0x22 c:/st/stm32cubeide_1.0.2/stm32cubeide/plugins/com.st.stm32cube.ide.mcu.externaltools.gnu-tools-for-stm32.7-2018-q2-update.win32_1.0.0.201904181610/tools/bin/../lib/gcc/arm-none-eabi/7.3.1/thumb/v7e-m/fpv4-sp/hard/crti.o
 .ARM.attributes
                0x0000000000000022       0x34 c:/st/stm32cubeide_1.0.2/stm32cubeide/plugins/com.st.stm32cube.ide.mcu.externaltools.gnu-tools-for-stm32.7-2018-q2-update.win32_1.0.0.201904181610/tools/bin/../lib/gcc/arm-none-eabi/7.3.1/thumb/v7e-m/fpv4-sp/hard/crtbegin.o
 .ARM.attributes
                0x0000000000000056       0x39 Drivers/STM32F4xx_HAL_Driver/Src/stm32f4xx_hal.o
 .ARM.attributes
                0x000000000000008f       0x39 Drivers/STM32F4xx_HAL_Driver/Src/stm32f4xx_hal_cortex.o
 .ARM.attributes
                0x00000000000000c8       0x39 Drivers/STM32F4xx_HAL_Driver/Src/stm32f4xx_hal_gpio.o
 .ARM.attributes
                0x0000000000000101       0x39 Drivers/STM32F4xx_HAL_Driver/Src/stm32f4xx_hal_hcd.o
 .ARM.attributes
                0x000000000000013a       0x39 Drivers/STM32F4xx_HAL_Driver/Src/stm32f4xx_hal_i2c.o
 .ARM.attributes
                0x0000000000000173       0x39 Drivers/STM32F4xx_HAL_Driver/Src/stm32f4xx_hal_i2s.o
 .ARM.attributes
                0x00000000000001ac       0x39 Drivers/STM32F4xx_HAL_Driver/Src/stm32f4xx_hal_i2s_ex.o
 .ARM.attributes
                0x00000000000001e5       0x39 Drivers/STM32F4xx_HAL_Driver/Src/stm32f4xx_hal_rcc.o
 .ARM.attributes
                0x000000000000021e       0x39 Drivers/STM32F4xx_HAL_Driver/Src/stm32f4xx_hal_rcc_ex.o
 .ARM.attributes
                0x0000000000000257       0x39 Drivers/STM32F4xx_HAL_Driver/Src/stm32f4xx_hal_spi.o
 .ARM.attributes
                0x0000000000000290       0x39 Drivers/STM32F4xx_HAL_Driver/Src/stm32f4xx_hal_uart.o
 .ARM.attributes
                0x00000000000002c9       0x39 Drivers/STM32F4xx_HAL_Driver/Src/stm32f4xx_ll_usb.o
 .ARM.attributes
                0x0000000000000302       0x39 Middlewares/ST/STM32_USB_Host_Library/Class/CDC/Src/usbh_cdc.o
 .ARM.attributes
                0x000000000000033b       0x39 Middlewares/ST/STM32_USB_Host_Library/Core/Src/usbh_core.o
 .ARM.attributes
                0x0000000000000374       0x39 Middlewares/ST/STM32_USB_Host_Library/Core/Src/usbh_ctlreq.o
 .ARM.attributes
                0x00000000000003ad       0x39 Middlewares/ST/STM32_USB_Host_Library/Core/Src/usbh_ioreq.o
 .ARM.attributes
                0x00000000000003e6       0x39 Middlewares/ST/STM32_USB_Host_Library/Core/Src/usbh_pipes.o
 .ARM.attributes
                0x000000000000041f       0x39 Middlewares/Third_Party/FreeRTOS/Source/CMSIS_RTOS/cmsis_os.o
 .ARM.attributes
                0x0000000000000458       0x39 Middlewares/Third_Party/FreeRTOS/Source/list.o
 .ARM.attributes
                0x0000000000000491       0x39 Middlewares/Third_Party/FreeRTOS/Source/queue.o
 .ARM.attributes
                0x00000000000004ca       0x39 Middlewares/Third_Party/FreeRTOS/Source/tasks.o
 .ARM.attributes
                0x0000000000000503       0x39 Middlewares/Third_Party/FreeRTOS/Source/portable/GCC/ARM_CM4F/port.o
 .ARM.attributes
                0x000000000000053c       0x39 Middlewares/Third_Party/FreeRTOS/Source/portable/MemMang/heap_4.o
 .ARM.attributes
                0x0000000000000575       0x39 Src/freertos.o
 .ARM.attributes
                0x00000000000005ae       0x39 Src/main.o
 .ARM.attributes
                0x00000000000005e7       0x39 Src/stm32f4xx_hal_msp.o
 .ARM.attributes
                0x0000000000000620       0x39 Src/stm32f4xx_it.o
 .ARM.attributes
                0x0000000000000659       0x39 Src/sysmem.o
 .ARM.attributes
                0x0000000000000692       0x39 Src/system_stm32f4xx.o
 .ARM.attributes
                0x00000000000006cb       0x39 Src/usb_host.o
 .ARM.attributes
                0x0000000000000704       0x39 Src/usbh_conf.o
 .ARM.attributes
                0x000000000000073d       0x39 Src/usbh_platform.o
 .ARM.attributes
                0x0000000000000776       0x21 Startup/startup_stm32f407vgtx.o
 .ARM.attributes
                0x0000000000000797       0x34 c:/st/stm32cubeide_1.0.2/stm32cubeide/plugins/com.st.stm32cube.ide.mcu.externaltools.gnu-tools-for-stm32.7-2018-q2-update.win32_1.0.0.201904181610/tools/bin/../lib/gcc/arm-none-eabi/7.3.1/../../../../arm-none-eabi/lib/thumb/v7e-m/fpv4-sp/hard\libc_nano.a(lib_a-errno.o)
 .ARM.attributes
                0x00000000000007cb       0x34 c:/st/stm32cubeide_1.0.2/stm32cubeide/plugins/com.st.stm32cube.ide.mcu.externaltools.gnu-tools-for-stm32.7-2018-q2-update.win32_1.0.0.201904181610/tools/bin/../lib/gcc/arm-none-eabi/7.3.1/../../../../arm-none-eabi/lib/thumb/v7e-m/fpv4-sp/hard\libc_nano.a(lib_a-impure.o)
 .ARM.attributes
                0x00000000000007ff       0x34 c:/st/stm32cubeide_1.0.2/stm32cubeide/plugins/com.st.stm32cube.ide.mcu.externaltools.gnu-tools-for-stm32.7-2018-q2-update.win32_1.0.0.201904181610/tools/bin/../lib/gcc/arm-none-eabi/7.3.1/../../../../arm-none-eabi/lib/thumb/v7e-m/fpv4-sp/hard\libc_nano.a(lib_a-init.o)
 .ARM.attributes
                0x0000000000000833       0x34 c:/st/stm32cubeide_1.0.2/stm32cubeide/plugins/com.st.stm32cube.ide.mcu.externaltools.gnu-tools-for-stm32.7-2018-q2-update.win32_1.0.0.201904181610/tools/bin/../lib/gcc/arm-none-eabi/7.3.1/../../../../arm-none-eabi/lib/thumb/v7e-m/fpv4-sp/hard\libc_nano.a(lib_a-malloc.o)
 .ARM.attributes
                0x0000000000000867       0x34 c:/st/stm32cubeide_1.0.2/stm32cubeide/plugins/com.st.stm32cube.ide.mcu.externaltools.gnu-tools-for-stm32.7-2018-q2-update.win32_1.0.0.201904181610/tools/bin/../lib/gcc/arm-none-eabi/7.3.1/../../../../arm-none-eabi/lib/thumb/v7e-m/fpv4-sp/hard\libc_nano.a(lib_a-memcpy-stub.o)
 .ARM.attributes
                0x000000000000089b       0x34 c:/st/stm32cubeide_1.0.2/stm32cubeide/plugins/com.st.stm32cube.ide.mcu.externaltools.gnu-tools-for-stm32.7-2018-q2-update.win32_1.0.0.201904181610/tools/bin/../lib/gcc/arm-none-eabi/7.3.1/../../../../arm-none-eabi/lib/thumb/v7e-m/fpv4-sp/hard\libc_nano.a(lib_a-memset.o)
 .ARM.attributes
                0x00000000000008cf       0x34 c:/st/stm32cubeide_1.0.2/stm32cubeide/plugins/com.st.stm32cube.ide.mcu.externaltools.gnu-tools-for-stm32.7-2018-q2-update.win32_1.0.0.201904181610/tools/bin/../lib/gcc/arm-none-eabi/7.3.1/../../../../arm-none-eabi/lib/thumb/v7e-m/fpv4-sp/hard\libc_nano.a(lib_a-nano-freer.o)
 .ARM.attributes
                0x0000000000000903       0x34 c:/st/stm32cubeide_1.0.2/stm32cubeide/plugins/com.st.stm32cube.ide.mcu.externaltools.gnu-tools-for-stm32.7-2018-q2-update.win32_1.0.0.201904181610/tools/bin/../lib/gcc/arm-none-eabi/7.3.1/../../../../arm-none-eabi/lib/thumb/v7e-m/fpv4-sp/hard\libc_nano.a(lib_a-nano-mallocr.o)
 .ARM.attributes
                0x0000000000000937       0x34 c:/st/stm32cubeide_1.0.2/stm32cubeide/plugins/com.st.stm32cube.ide.mcu.externaltools.gnu-tools-for-stm32.7-2018-q2-update.win32_1.0.0.201904181610/tools/bin/../lib/gcc/arm-none-eabi/7.3.1/../../../../arm-none-eabi/lib/thumb/v7e-m/fpv4-sp/hard\libc_nano.a(lib_a-sbrkr.o)
 .ARM.attributes
                0x000000000000096b       0x34 c:/st/stm32cubeide_1.0.2/stm32cubeide/plugins/com.st.stm32cube.ide.mcu.externaltools.gnu-tools-for-stm32.7-2018-q2-update.win32_1.0.0.201904181610/tools/bin/../lib/gcc/arm-none-eabi/7.3.1/../../../../arm-none-eabi/lib/thumb/v7e-m/fpv4-sp/hard\libc_nano.a(lib_a-sprintf.o)
 .ARM.attributes
                0x000000000000099f       0x1b c:/st/stm32cubeide_1.0.2/stm32cubeide/plugins/com.st.stm32cube.ide.mcu.externaltools.gnu-tools-for-stm32.7-2018-q2-update.win32_1.0.0.201904181610/tools/bin/../lib/gcc/arm-none-eabi/7.3.1/../../../../arm-none-eabi/lib/thumb/v7e-m/fpv4-sp/hard\libc_nano.a(lib_a-strlen.o)
 .ARM.attributes
                0x00000000000009ba       0x34 c:/st/stm32cubeide_1.0.2/stm32cubeide/plugins/com.st.stm32cube.ide.mcu.externaltools.gnu-tools-for-stm32.7-2018-q2-update.win32_1.0.0.201904181610/tools/bin/../lib/gcc/arm-none-eabi/7.3.1/../../../../arm-none-eabi/lib/thumb/v7e-m/fpv4-sp/hard\libc_nano.a(lib_a-mlock.o)
 .ARM.attributes