15:40:40 **** Incremental Build of configuration Debug for project Lab4-3 ****
make -j8 all 
arm-none-eabi-gcc "../Src/main.c" -mcpu=cortex-m4 -std=gnu11 -g3 -DUSE_HAL_DRIVER -DDEBUG -DSTM32F407xx -c -I../Inc -I../Drivers/CMSIS/Include -I../Drivers/STM32F4xx_HAL_Driver/Inc -I../Drivers/CMSIS/Device/ST/STM32F4xx/Include -I../Drivers/STM32F4xx_HAL_Driver/Inc/Legacy -I../Middlewares/ST/STM32_USB_Host_Library/Core/Inc -I../Middlewares/ST/STM32_USB_Host_Library/Class/CDC/Inc -O0 -ffunction-sections -fdata-sections -Wall -fstack-usage -MMD -MP -MF"Src/main.d" -MT"Src/main.o" --specs=nano.specs -mfpu=fpv4-sp-d16 -mfloat-abi=hard -mthumb -o "Src/main.o"
../Src/main.c: In function 'main':
../Src/main.c:140:10: warning: implicit declaration of function 'sprintf' [-Wimplicit-function-declaration]
          sprintf(buffer, "%d\n\r", val);
          ^~~~~~~
../Src/main.c:140:10: warning: incompatible implicit declaration of built-in function 'sprintf'
../Src/main.c:140:10: note: include '<stdio.h>' or provide a declaration of 'sprintf'
../Src/main.c:141:45: warning: implicit declaration of function 'strlen' [-Wimplicit-function-declaration]
          HAL_UART_Transmit(&huart2, buffer, strlen(buffer), HAL_MAX_DELAY);
                                             ^~~~~~
../Src/main.c:141:45: warning: incompatible implicit declaration of built-in function 'strlen'
../Src/main.c:141:45: note: include '<string.h>' or provide a declaration of 'strlen'
../Src/main.c:141:37: warning: pointer targets in passing argument 2 of 'HAL_UART_Transmit' differ in signedness [-Wpointer-sign]
          HAL_UART_Transmit(&huart2, buffer, strlen(buffer), HAL_MAX_DELAY);
                                     ^~~~~~
In file included from ../Inc/stm32f4xx_hal_conf.h:360:0,
                 from ../Drivers/STM32F4xx_HAL_Driver/Inc/stm32f4xx_hal.h:30,
                 from ../Inc/main.h:31,
                 from ../Src/main.c:22:
../Drivers/STM32F4xx_HAL_Driver/Inc/stm32f4xx_hal_uart.h:696:19: note: expected 'uint8_t * {aka unsigned char *}' but argument is of type 'char *'
 HAL_StatusTypeDef HAL_UART_Transmit(UART_HandleTypeDef *huart, uint8_t *pData, uint16_t Size, uint32_t Timeout);
                   ^~~~~~~~~~~~~~~~~
../Src/main.c:142:28: warning: format '%d' expects argument of type 'int', but argument 3 has type 'uint32_t {aka volatile long unsigned int}' [-Wformat=]
          sprintf(buffer, "%d\n\r", TIM4->CCR3);
                           ~^
                           %ld
arm-none-eabi-gcc -o "Lab4-3.elf" @"objects.list"   -mcpu=cortex-m4 -T"D:\EmbSysLab\Lab4-3\STM32F407VGTX_FLASH.ld" --specs=nosys.specs -Wl,-Map="Lab4-3.map" -Wl,--gc-sections -static --specs=nano.specs -mfpu=fpv4-sp-d16 -mfloat-abi=hard -mthumb -Wl,--start-group -lc -lm -Wl,--end-group
Finished building target: Lab4-3.elf
 
arm-none-eabi-objdump -h -S  Lab4-3.elf  > "Lab4-3.list"
arm-none-eabi-size   Lab4-3.elf 
   text	   data	    bss	    dec	    hex	filename
  39664	    152	   3720	  43536	   aa10	Lab4-3.elf
Finished building: default.size.stdout
 
Finished building: Lab4-3.list
 

15:40:41 Build Finished. 0 errors, 6 warnings. (took 1s.480ms)

