14:49:57 **** Incremental Build of configuration Debug for project Lab4-2 ****
make -j8 all 
arm-none-eabi-gcc "../Src/main.c" -mcpu=cortex-m4 -std=gnu11 -g3 -DUSE_HAL_DRIVER -DDEBUG -DSTM32F407xx -c -I../Inc -I../Drivers/CMSIS/Include -I../Drivers/STM32F4xx_HAL_Driver/Inc -I../Drivers/CMSIS/Device/ST/STM32F4xx/Include -I../Drivers/STM32F4xx_HAL_Driver/Inc/Legacy -I../Middlewares/ST/STM32_USB_Host_Library/Core/Inc -I../Middlewares/ST/STM32_USB_Host_Library/Class/CDC/Inc -O0 -ffunction-sections -fdata-sections -Wall -fstack-usage -MMD -MP -MF"Src/main.d" -MT"Src/main.o" --specs=nano.specs -mfpu=fpv4-sp-d16 -mfloat-abi=hard -mthumb -o "Src/main.o"
../Src/main.c: In function 'main':
../Src/main.c:133:6: warning: implicit declaration of function 'sprintf' [-Wimplicit-function-declaration]
      sprintf(buffer, "%d\n\r", val);
      ^~~~~~~
../Src/main.c:133:6: warning: incompatible implicit declaration of built-in function 'sprintf'
../Src/main.c:133:6: note: include '<stdio.h>' or provide a declaration of 'sprintf'
../Src/main.c:134:33: warning: pointer targets in passing argument 2 of 'HAL_UART_Transmit' differ in signedness [-Wpointer-sign]
      HAL_UART_Transmit(&huart2, buffer, sizeof(buffer), HAL_MAX_DELAY);
                                 ^~~~~~
In file included from ../Inc/stm32f4xx_hal_conf.h:360:0,
                 from ../Drivers/STM32F4xx_HAL_Driver/Inc/stm32f4xx_hal.h:30,
                 from ../Inc/main.h:31,
                 from ../Src/main.c:22:
../Drivers/STM32F4xx_HAL_Driver/Inc/stm32f4xx_hal_uart.h:696:19: note: expected 'uint8_t * {aka unsigned char *}' but argument is of type 'char *'
 HAL_StatusTypeDef HAL_UART_Transmit(UART_HandleTypeDef *huart, uint8_t *pData, uint16_t Size, uint32_t Timeout);
                   ^~~~~~~~~~~~~~~~~
arm-none-eabi-gcc -o "Lab4-2.elf" @"objects.list"   -mcpu=cortex-m4 -T"D:\EmbSysLab\Lab4-2\STM32F407VGTX_FLASH.ld" --specs=nosys.specs -Wl,-Map="Lab4-2.map" -Wl,--gc-sections -static --specs=nano.specs -mfpu=fpv4-sp-d16 -mfloat-abi=hard -mthumb -Wl,--start-group -lc -lm -Wl,--end-group
Finished building target: Lab4-2.elf
 
arm-none-eabi-objdump -h -S  Lab4-2.elf  > "Lab4-2.list"
arm-none-eabi-size   Lab4-2.elf 
   text	   data	    bss	    dec	    hex	filename
  36300	    152	   3656	  40108	   9cac	Lab4-2.elf
Finished building: default.size.stdout
 
Finished building: Lab4-2.list
 

14:49:59 Build Finished. 0 errors, 3 warnings. (took 1s.519ms)

