15:22:27 **** Incremental Build of configuration Debug for project Lab6-3 ****
make -j8 all 
arm-none-eabi-gcc "../Src/main.c" -mcpu=cortex-m4 -std=gnu11 -g3 -DUSE_HAL_DRIVER -DDEBUG -DSTM32F407xx -c -I../Middlewares/Third_Party/FreeRTOS/Source/include -I../Middlewares/Third_Party/FreeRTOS/Source/portable/GCC/ARM_CM4F -I../Inc -I../Drivers/CMSIS/Include -I../Drivers/STM32F4xx_HAL_Driver/Inc -I../Drivers/CMSIS/Device/ST/STM32F4xx/Include -I../Middlewares/Third_Party/FreeRTOS/Source/CMSIS_RTOS -I../Drivers/STM32F4xx_HAL_Driver/Inc/Legacy -I../Middlewares/ST/STM32_USB_Host_Library/Core/Inc -I../Middlewares/ST/STM32_USB_Host_Library/Class/CDC/Inc -O0 -ffunction-sections -fdata-sections -Wall -fstack-usage -MMD -MP -MF"Src/main.d" -MT"Src/main.o" --specs=nano.specs -mfpu=fpv4-sp-d16 -mfloat-abi=hard -mthumb -o "Src/main.o"
../Src/main.c: In function 'thread_0':
../Src/main.c:495:7: warning: unused variable 'buffer' [-Wunused-variable]
  char buffer[32];
       ^~~~~~
../Src/main.c: In function 'thread_1':
../Src/main.c:511:7: warning: unused variable 'buffer' [-Wunused-variable]
  char buffer[32];
       ^~~~~~
../Src/main.c: In function 'thread_2':
../Src/main.c:533:4: warning: implicit declaration of function 'sprintf' [-Wimplicit-function-declaration]
    sprintf(buffer, "TID: %d %d\r\n", threadID, idx);
    ^~~~~~~
../Src/main.c:533:4: warning: incompatible implicit declaration of built-in function 'sprintf'
../Src/main.c:533:4: note: include '<stdio.h>' or provide a declaration of 'sprintf'
../Src/main.c:534:39: warning: implicit declaration of function 'strlen' [-Wimplicit-function-declaration]
    HAL_UART_Transmit(&huart2, buffer, strlen(buffer), 1000);
                                       ^~~~~~
../Src/main.c:534:39: warning: incompatible implicit declaration of built-in function 'strlen'
../Src/main.c:534:39: note: include '<string.h>' or provide a declaration of 'strlen'
../Src/main.c:534:31: warning: pointer targets in passing argument 2 of 'HAL_UART_Transmit' differ in signedness [-Wpointer-sign]
    HAL_UART_Transmit(&huart2, buffer, strlen(buffer), 1000);
                               ^~~~~~
In file included from ../Inc/stm32f4xx_hal_conf.h:360:0,
                 from ../Drivers/STM32F4xx_HAL_Driver/Inc/stm32f4xx_hal.h:30,
                 from ../Inc/main.h:31,
                 from ../Src/main.c:22:
../Drivers/STM32F4xx_HAL_Driver/Inc/stm32f4xx_hal_uart.h:696:19: note: expected 'uint8_t * {aka unsigned char *}' but argument is of type 'char *'
 HAL_StatusTypeDef HAL_UART_Transmit(UART_HandleTypeDef *huart, uint8_t *pData, uint16_t Size, uint32_t Timeout);
                   ^~~~~~~~~~~~~~~~~
../Src/main.c: In function 'StartDefaultTask':
../Src/main.c:578:13: warning: unused variable 'thread2Handle' [-Wunused-variable]
  osThreadId thread2Handle = osThreadCreate(osThread(thread2), NULL);
             ^~~~~~~~~~~~~
../Src/main.c:576:13: warning: unused variable 'thread1Handle' [-Wunused-variable]
  osThreadId thread1Handle = osThreadCreate(osThread(thread1), NULL);
             ^~~~~~~~~~~~~
../Src/main.c:574:13: warning: unused variable 'thread0Handle' [-Wunused-variable]
  osThreadId thread0Handle = osThreadCreate(osThread(thread0), NULL);
             ^~~~~~~~~~~~~
../Src/main.c:567:13: warning: unused variable 'led4Handle' [-Wunused-variable]
  osThreadId led4Handle = osThreadCreate(osThread(led4), NULL);
             ^~~~~~~~~~
../Src/main.c:565:13: warning: unused variable 'led3Handle' [-Wunused-variable]
  osThreadId led3Handle = osThreadCreate(osThread(led3), NULL);
             ^~~~~~~~~~
../Src/main.c:563:13: warning: unused variable 'led2Handle' [-Wunused-variable]
  osThreadId led2Handle = osThreadCreate(osThread(led2), NULL);
             ^~~~~~~~~~
../Src/main.c:561:13: warning: unused variable 'led1Handle' [-Wunused-variable]
  osThreadId led1Handle = osThreadCreate(osThread(led1), NULL);
             ^~~~~~~~~~
arm-none-eabi-gcc -o "Lab6-3.elf" @"objects.list"   -mcpu=cortex-m4 -T"D:\EmbSysLab\Lab6-3\STM32F407VGTX_FLASH.ld" --specs=nosys.specs -Wl,-Map="Lab6-3.map" -Wl,--gc-sections -static --specs=nano.specs -mfpu=fpv4-sp-d16 -mfloat-abi=hard -mthumb -Wl,--start-group -lc -lm -Wl,--end-group
Finished building target: Lab6-3.elf
 
arm-none-eabi-objdump -h -S  Lab6-3.elf  > "Lab6-3.list"
arm-none-eabi-size   Lab6-3.elf 
   text	   data	    bss	    dec	    hex	filename
  46012	    156	  19900	  66068	  10214	Lab6-3.elf
Finished building: default.size.stdout
 
Finished building: Lab6-3.list
 

15:22:29 Build Finished. 0 errors, 14 warnings. (took 2s.806ms)

